Archive member included to satisfy reference by file (symbol)

C:/ST/STM32CubeIDE_1.15.0/STM32CubeIDE/plugins/com.st.stm32cube.ide.mcu.externaltools.gnu-tools-for-stm32.12.3.rel1.win32_1.0.200.202406191623/tools/bin/../lib/gcc/arm-none-eabi/12.3.1/../../../../arm-none-eabi/lib/thumb/v7e-m+dp/hard\libc_nano.a(libc_a-exit.o)
                              C:/ST/STM32CubeIDE_1.15.0/STM32CubeIDE/plugins/com.st.stm32cube.ide.mcu.externaltools.gnu-tools-for-stm32.12.3.rel1.win32_1.0.200.202406191623/tools/bin/../lib/gcc/arm-none-eabi/12.3.1/../../../../arm-none-eabi/lib/thumb/v7e-m+dp/hard/crt0.o (exit)
C:/ST/STM32CubeIDE_1.15.0/STM32CubeIDE/plugins/com.st.stm32cube.ide.mcu.externaltools.gnu-tools-for-stm32.12.3.rel1.win32_1.0.200.202406191623/tools/bin/../lib/gcc/arm-none-eabi/12.3.1/../../../../arm-none-eabi/lib/thumb/v7e-m+dp/hard\libc_nano.a(libc_a-findfp.o)
                              C:/ST/STM32CubeIDE_1.15.0/STM32CubeIDE/plugins/com.st.stm32cube.ide.mcu.externaltools.gnu-tools-for-stm32.12.3.rel1.win32_1.0.200.202406191623/tools/bin/../lib/gcc/arm-none-eabi/12.3.1/../../../../arm-none-eabi/lib/thumb/v7e-m+dp/hard\libc_nano.a(libc_a-exit.o) (__stdio_exit_handler)
C:/ST/STM32CubeIDE_1.15.0/STM32CubeIDE/plugins/com.st.stm32cube.ide.mcu.externaltools.gnu-tools-for-stm32.12.3.rel1.win32_1.0.200.202406191623/tools/bin/../lib/gcc/arm-none-eabi/12.3.1/../../../../arm-none-eabi/lib/thumb/v7e-m+dp/hard\libc_nano.a(libc_a-fwalk.o)
                              C:/ST/STM32CubeIDE_1.15.0/STM32CubeIDE/plugins/com.st.stm32cube.ide.mcu.externaltools.gnu-tools-for-stm32.12.3.rel1.win32_1.0.200.202406191623/tools/bin/../lib/gcc/arm-none-eabi/12.3.1/../../../../arm-none-eabi/lib/thumb/v7e-m+dp/hard\libc_nano.a(libc_a-findfp.o) (_fwalk_sglue)
C:/ST/STM32CubeIDE_1.15.0/STM32CubeIDE/plugins/com.st.stm32cube.ide.mcu.externaltools.gnu-tools-for-stm32.12.3.rel1.win32_1.0.200.202406191623/tools/bin/../lib/gcc/arm-none-eabi/12.3.1/../../../../arm-none-eabi/lib/thumb/v7e-m+dp/hard\libc_nano.a(libc_a-sprintf.o)
                              ./Core/Src/main.o (sprintf)
C:/ST/STM32CubeIDE_1.15.0/STM32CubeIDE/plugins/com.st.stm32cube.ide.mcu.externaltools.gnu-tools-for-stm32.12.3.rel1.win32_1.0.200.202406191623/tools/bin/../lib/gcc/arm-none-eabi/12.3.1/../../../../arm-none-eabi/lib/thumb/v7e-m+dp/hard\libc_nano.a(libc_a-stdio.o)
                              C:/ST/STM32CubeIDE_1.15.0/STM32CubeIDE/plugins/com.st.stm32cube.ide.mcu.externaltools.gnu-tools-for-stm32.12.3.rel1.win32_1.0.200.202406191623/tools/bin/../lib/gcc/arm-none-eabi/12.3.1/../../../../arm-none-eabi/lib/thumb/v7e-m+dp/hard\libc_nano.a(libc_a-findfp.o) (__sread)
C:/ST/STM32CubeIDE_1.15.0/STM32CubeIDE/plugins/com.st.stm32cube.ide.mcu.externaltools.gnu-tools-for-stm32.12.3.rel1.win32_1.0.200.202406191623/tools/bin/../lib/gcc/arm-none-eabi/12.3.1/../../../../arm-none-eabi/lib/thumb/v7e-m+dp/hard\libc_nano.a(libc_a-memset.o)
                              C:/ST/STM32CubeIDE_1.15.0/STM32CubeIDE/plugins/com.st.stm32cube.ide.mcu.externaltools.gnu-tools-for-stm32.12.3.rel1.win32_1.0.200.202406191623/tools/bin/../lib/gcc/arm-none-eabi/12.3.1/../../../../arm-none-eabi/lib/thumb/v7e-m+dp/hard/crt0.o (memset)
C:/ST/STM32CubeIDE_1.15.0/STM32CubeIDE/plugins/com.st.stm32cube.ide.mcu.externaltools.gnu-tools-for-stm32.12.3.rel1.win32_1.0.200.202406191623/tools/bin/../lib/gcc/arm-none-eabi/12.3.1/../../../../arm-none-eabi/lib/thumb/v7e-m+dp/hard\libc_nano.a(libc_a-closer.o)
                              C:/ST/STM32CubeIDE_1.15.0/STM32CubeIDE/plugins/com.st.stm32cube.ide.mcu.externaltools.gnu-tools-for-stm32.12.3.rel1.win32_1.0.200.202406191623/tools/bin/../lib/gcc/arm-none-eabi/12.3.1/../../../../arm-none-eabi/lib/thumb/v7e-m+dp/hard\libc_nano.a(libc_a-stdio.o) (_close_r)
C:/ST/STM32CubeIDE_1.15.0/STM32CubeIDE/plugins/com.st.stm32cube.ide.mcu.externaltools.gnu-tools-for-stm32.12.3.rel1.win32_1.0.200.202406191623/tools/bin/../lib/gcc/arm-none-eabi/12.3.1/../../../../arm-none-eabi/lib/thumb/v7e-m+dp/hard\libc_nano.a(libc_a-reent.o)
                              C:/ST/STM32CubeIDE_1.15.0/STM32CubeIDE/plugins/com.st.stm32cube.ide.mcu.externaltools.gnu-tools-for-stm32.12.3.rel1.win32_1.0.200.202406191623/tools/bin/../lib/gcc/arm-none-eabi/12.3.1/../../../../arm-none-eabi/lib/thumb/v7e-m+dp/hard\libc_nano.a(libc_a-closer.o) (errno)
C:/ST/STM32CubeIDE_1.15.0/STM32CubeIDE/plugins/com.st.stm32cube.ide.mcu.externaltools.gnu-tools-for-stm32.12.3.rel1.win32_1.0.200.202406191623/tools/bin/../lib/gcc/arm-none-eabi/12.3.1/../../../../arm-none-eabi/lib/thumb/v7e-m+dp/hard\libc_nano.a(libc_a-impure.o)
                              C:/ST/STM32CubeIDE_1.15.0/STM32CubeIDE/plugins/com.st.stm32cube.ide.mcu.externaltools.gnu-tools-for-stm32.12.3.rel1.win32_1.0.200.202406191623/tools/bin/../lib/gcc/arm-none-eabi/12.3.1/../../../../arm-none-eabi/lib/thumb/v7e-m+dp/hard\libc_nano.a(libc_a-sprintf.o) (_impure_ptr)
[...]
Memory Configuration

Name             Origin             Length             Attributes
RAM              0x20000000         0x00080000         xrw
FLASH            0x08000000         0x00200000         xr
*default*        0x00000000         0xffffffff

Linker script and memory map

LOAD C:/ST/STM32CubeIDE_1.15.0/STM32CubeIDE/plugins/com.st.stm32cube.ide.mcu.externaltools.gnu-tools-for-stm32.12.3.rel1.win32_1.0.200.202406191623/tools/bin/../lib/gcc/arm-none-eabi/12.3.1/thumb/v7e-m+dp/hard/crti.o
LOAD C:/ST/STM32CubeIDE_1.15.0/STM32CubeIDE/plugins/com.st.stm32cube.ide.mcu.externaltools.gnu-tools-for-stm32.12.3.rel1.win32_1.0.200.202406191623/tools/bin/../lib/gcc/arm-none-eabi/12.3.1/thumb/v7e-m+dp/hard/crtbegin.o
LOAD C:/ST/STM32CubeIDE_1.15.0/STM32CubeIDE/plugins/com.st.stm32cube.ide.mcu.externaltools.gnu-tools-for-stm32.12.3.rel1.win32_1.0.200.202406191623/tools/bin/../lib/gcc/arm-none-eabi/12.3.1/../../../../arm-none-eabi/lib/thumb/v7e-m+dp/hard/crt0.o
LOAD ./Core/Src/main.o
LOAD ./Core/Src/stm32f7xx_hal_msp.o
LOAD ./Core/Src/stm32f7xx_it.o
LOAD ./Core/Src/syscalls.o
LOAD ./Core/Src/sysmem.o
LOAD ./Core/Src/system_stm32f7xx.o
LOAD ./Core/Startup/startup_stm32f767zitx.o
LOAD ./Drivers/STM32F7xx_HAL_Driver/Src/stm32f7xx_hal.o
LOAD ./Drivers/STM32F7xx_HAL_Driver/Src/stm32f7xx_hal_can.o
LOAD ./Drivers/STM32F7xx_HAL_Driver/Src/stm32f7xx_hal_cortex.o
LOAD ./Drivers/STM32F7xx_HAL_Driver/Src/stm32f7xx_hal_dma.o
LOAD ./Drivers/STM32F7xx_HAL_Driver/Src/stm32f7xx_hal_dma_ex.o
LOAD ./Drivers/STM32F7xx_HAL_Driver/Src/stm32f7xx_hal_exti.o
LOAD ./Drivers/STM32F7xx_HAL_Driver/Src/stm32f7xx_hal_flash.o
LOAD ./Drivers/STM32F7xx_HAL_Driver/Src/stm32f7xx_hal_flash_ex.o
LOAD ./Drivers/STM32F7xx_HAL_Driver/Src/stm32f7xx_hal_gpio.o
LOAD ./Drivers/STM32F7xx_HAL_Driver/Src/stm32f7xx_hal_i2c.o
LOAD ./Drivers/STM32F7xx_HAL_Driver/Src/stm32f7xx_hal_i2c_ex.o
LOAD ./Drivers/STM32F7xx_HAL_Driver/Src/stm32f7xx_hal_pwr.o
LOAD ./Drivers/STM32F7xx_HAL_Driver/Src/stm32f7xx_hal_pwr_ex.o
LOAD ./Drivers/STM32F7xx_HAL_Driver/Src/stm32f7xx_hal_rcc.o
LOAD ./Drivers/STM32F7xx_HAL_Driver/Src/stm32f7xx_hal_rcc_ex.o
LOAD ./Drivers/STM32F7xx_HAL_Driver/Src/stm32f7xx_hal_tim.o
LOAD ./Drivers/STM32F7xx_HAL_Driver/Src/stm32f7xx_hal_tim_ex.o
LOAD ./Drivers/STM32F7xx_HAL_Driver/Src/stm32f7xx_hal_uart.o
LOAD ./Drivers/STM32F7xx_HAL_Driver/Src/stm32f7xx_hal_uart_ex.o
START GROUP
LOAD C:/ST/STM32CubeIDE_1.15.0/STM32CubeIDE/plugins/com.st.stm32cube.ide.mcu.externaltools.gnu-tools-for-stm32.12.3.rel1.win32_1.0.200.202406191623/tools/bin/../lib/gcc/arm-none-eabi/12.3.1/../../../../arm-none-eabi/lib/thumb/v7e-m+dp/hard\libc_nano.a
LOAD C:/ST/STM32CubeIDE_1.15.0/STM32CubeIDE/plugins/com.st.stm32cube.ide.mcu.externaltools.gnu-tools-for-stm32.12.3.rel1.win32_1.0.200.202406191623/tools/bin/../lib/gcc/arm-none-eabi/12.3.1/../../../../arm-none-eabi/lib/thumb/v7e-m+dp/hard\libm.a
END GROUP
START GROUP
LOAD C:/ST/STM32CubeIDE_1.15.0/STM32CubeIDE/plugins/com.st.stm32cube.ide.mcu.externaltools.gnu-tools-for-stm32.12.3.rel1.win32_1.0.200.202406191623/tools/bin/../lib/gcc/arm-none-eabi/12.3.1/thumb/v7e-m+dp/hard\libgcc.a
LOAD C:/ST/STM32CubeIDE_1.15.0/STM32CubeIDE/plugins/com.st.stm32cube.ide.mcu.externaltools.gnu-tools-for-stm32.12.3.rel1.win32_1.0.200.202406191623/tools/bin/../lib/gcc/arm-none-eabi/12.3.1/../../../../arm-none-eabi/lib/thumb/v7e-m+dp/hard\libc_nano.a
END GROUP
START GROUP
LOAD C:/ST/STM32CubeIDE_1.15.0/STM32CubeIDE/plugins/com.st.stm32cube.ide.mcu.externaltools.gnu-tools-for-stm32.12.3.rel1.win32_1.0.200.202406191623/tools/bin/../lib/gcc/arm-none-eabi/12.3.1/thumb/v7e-m+dp/hard\libgcc.a
LOAD C:/ST/STM32CubeIDE_1.15.0/STM32CubeIDE/plugins/com.st.stm32cube.ide.mcu.externaltools.gnu-tools-for-stm32.12.3.rel1.win32_1.0.200.202406191623/tools/bin/../lib/gcc/arm-none-eabi/12.3.1/../../../../arm-none-eabi/lib/thumb/v7e-m+dp/hard\libc_nano.a
LOAD C:/ST/STM32CubeIDE_1.15.0/STM32CubeIDE/plugins/com.st.stm32cube.ide.mcu.externaltools.gnu-tools-for-stm32.12.3.rel1.win32_1.0.200.202406191623/tools/bin/../lib/gcc/arm-none-eabi/12.3.1/../../../../arm-none-eabi/lib/thumb/v7e-m+dp/hard\libnosys.a
END GROUP
START GROUP
LOAD C:/ST/STM32CubeIDE_1.15.0/STM32CubeIDE/plugins/com.st.stm32cube.ide.mcu.externaltools.gnu-tools-for-stm32.12.3.rel1.win32_1.0.200.202406191623/tools/bin/../lib/gcc/arm-none-eabi/12.3.1/thumb/v7e-m+dp/hard\libgcc.a
LOAD C:/ST/STM32CubeIDE_1.15.0/STM32CubeIDE/plugins/com.st.stm32cube.ide.mcu.externaltools.gnu-tools-for-stm32.12.3.rel1.win32_1.0.200.202406191623/tools/bin/../lib/gcc/arm-none-eabi/12.3.1/../../../../arm-none-eabi/lib/thumb/v7e-m+dp/hard\libc_nano.a
LOAD C:/ST/STM32CubeIDE_1.15.0/STM32CubeIDE/plugins/com.st.stm32cube.ide.mcu.externaltools.gnu-tools-for-stm32.12.3.rel1.win32_1.0.200.202406191623/tools/bin/../lib/gcc/arm-none-eabi/12.3.1/../../../../arm-none-eabi/lib/thumb/v7e-m+dp/hard\libnosys.a
END GROUP
LOAD C:/ST/STM32CubeIDE_1.15.0/STM32CubeIDE/plugins/com.st.stm32cube.ide.mcu.externaltools.gnu-tools-for-stm32.12.3.rel1.win32_1.0.200.202406191623/tools/bin/../lib/gcc/arm-none-eabi/12.3.1/thumb/v7e-m+dp/hard/crtend.o
LOAD C:/ST/STM32CubeIDE_1.15.0/STM32CubeIDE/plugins/com.st.stm32cube.ide.mcu.externaltools.gnu-tools-for-stm32.12.3.rel1.win32_1.0.200.202406191623/tools/bin/../lib/gcc/arm-none-eabi/12.3.1/thumb/v7e-m+dp/hard/crtn.o
                0x20080000                        _estack = (ORIGIN (RAM) + LENGTH (RAM))
                0x00000200                        _Min_Heap_Size = 0x200
                0x00000400                        _Min_Stack_Size = 0x400

.isr_vector     0x08000000      0x1f8
                0x08000000                        . = ALIGN (0x4)
 *(.isr_vector)
 .isr_vector    0x08000000      0x1f8 ./Core/Startup/startup_stm32f767zitx.o
                0x08000000                g_pfnVectors
                0x080001f8                        . = ALIGN (0x4)

.text           0x08000200     0x5a10
                0x08000200                        . = ALIGN (0x4)
 *(.text)
 .text          0x08000200       0x40 C:/ST/STM32CubeIDE_1.15.0/STM32CubeIDE/plugins/com.st.stm32cube.ide.mcu.externaltools.gnu-tools-for-stm32.12.3.rel1.win32_1.0.200.202406191623/tools/bin/../lib/gcc/arm-none-eabi/12.3.1/thumb/v7e-m+dp/hard/crtbegin.o
 .text          0x08000240       0x10 C:/ST/STM32CubeIDE_1.15.0/STM32CubeIDE/plugins/com.st.stm32cube.ide.mcu.externaltools.gnu-tools-for-stm32.12.3.rel1.win32_1.0.200.202406191623/tools/bin/../lib/gcc/arm-none-eabi/12.3.1/../../../../arm-none-eabi/lib/thumb/v7e-m+dp/hard\libc_nano.a(libc_a-strlen.o)
                0x08000240                strlen
 .text          0x08000250       0xa0 C:/ST/STM32CubeIDE_1.15.0/STM32CubeIDE/plugins/com.st.stm32cube.ide.mcu.externaltools.gnu-tools-for-stm32.12.3.rel1.win32_1.0.200.202406191623/tools/bin/../lib/gcc/arm-none-eabi/12.3.1/../../../../arm-none-eabi/lib/thumb/v7e-m+dp/hard\libc_nano.a(libc_a-memchr.o)
                0x08000250                memchr
 .text          0x080002f0       0x30 C:/ST/STM32CubeIDE_1.15.0/STM32CubeIDE/plugins/com.st.stm32cube.ide.mcu.externaltools.gnu-tools-for-stm32.12.3.rel1.win32_1.0.200.202406191623/tools/bin/../lib/gcc/arm-none-eabi/12.3.1/thumb/v7e-m+dp/hard\libgcc.a(_aeabi_uldivmod.o)
                0x080002f0                __aeabi_uldivmod
 .text          0x08000320      0x2bc C:/ST/STM32CubeIDE_1.15.0/STM32CubeIDE/plugins/com.st.stm32cube.ide.mcu.externaltools.gnu-tools-for-stm32.12.3.rel1.win32_1.0.200.202406191623/tools/bin/../lib/gcc/arm-none-eabi/12.3.1/thumb/v7e-m+dp/hard\libgcc.a(_udivmoddi4.o)
                0x08000320                __udivmoddi4
 .text          0x080005dc        0x4 C:/ST/STM32CubeIDE_1.15.0/STM32CubeIDE/plugins/com.st.stm32cube.ide.mcu.externaltools.gnu-tools-for-stm32.12.3.rel1.win32_1.0.200.202406191623/tools/bin/../lib/gcc/arm-none-eabi/12.3.1/thumb/v7e-m+dp/hard\libgcc.a(_dvmd_tls.o)
                0x080005dc                __aeabi_idiv0
                0x080005dc                __aeabi_ldiv0
 *(.text*)
 .text.main     0x080005e0      0x668 ./Core/Src/main.o
                0x080005e0                main
 .text.SystemClock_Config
                0x08000c48       0xb8 ./Core/Src/main.o
                0x08000c48                SystemClock_Config
 .text.MX_CAN1_Init
                0x08000d00       0x6c ./Core/Src/main.o
 .text.MX_USART1_UART_Init
                0x08000d6c       0x60 ./Core/Src/main.o
 .text.MX_USART2_UART_Init
                0x08000dcc       0x60 ./Core/Src/main.o
 .text.MX_GPIO_Init
                0x08000e2c       0x48 ./Core/Src/main.o
 .text.HAL_CAN_RxFifo0MsgPendingCallback
                0x08000e74      0x1f8 ./Core/Src/main.o
                0x08000e74                HAL_CAN_RxFifo0MsgPendingCallback
 .text.HAL_UART_RxCpltCallback
                0x0800106c       0xd0 ./Core/Src/main.o
                0x0800106c                HAL_UART_RxCpltCallback
 .text.MPU_Config
                0x0800113c       0x58 ./Core/Src/main.o
 .text.Error_Handler
                0x08001194        0xc ./Core/Src/main.o
                0x08001194                Error_Handler
 .text.HAL_MspInit
                0x080011a0       0x48 ./Core/Src/stm32f7xx_hal_msp.o
                0x080011a0                HAL_MspInit
 .text.HAL_CAN_MspInit
                0x080011e8       0x98 ./Core/Src/stm32f7xx_hal_msp.o
                0x080011e8                HAL_CAN_MspInit
 .text.HAL_UART_MspInit
                0x08001280      0x168 ./Core/Src/stm32f7xx_hal_msp.o
                0x08001280                HAL_UART_MspInit
 .text.NMI_Handler
                0x080013e8        0x8 ./Core/Src/stm32f7xx_it.o
                0x080013e8                NMI_Handler
 .text.HardFault_Handler
                0x080013f0        0x8 ./Core/Src/stm32f7xx_it.o
                0x080013f0                HardFault_Handler
 .text.MemManage_Handler
                0x080013f8        0x8 ./Core/Src/stm32f7xx_it.o
                0x080013f8                MemManage_Handler
 .text.BusFault_Handler
                0x08001400        0x8 ./Core/Src/stm32f7xx_it.o
                0x08001400                BusFault_Handler
 .text.UsageFault_Handler
                0x08001408        0x8 ./Core/Src/stm32f7xx_it.o
                0x08001408                UsageFault_Handler
 .text.SVC_Handler
                0x08001410        0xe ./Core/Src/stm32f7xx_it.o
                0x08001410                SVC_Handler
 .text.DebugMon_Handler
                0x0800141e        0xe ./Core/Src/stm32f7xx_it.o
                0x0800141e                DebugMon_Handler
 .text.PendSV_Handler
                0x0800142c        0xe ./Core/Src/stm32f7xx_it.o
                0x0800142c                PendSV_Handler
 .text.SysTick_Handler
                0x0800143a        0xc ./Core/Src/stm32f7xx_it.o
                0x0800143a                SysTick_Handler
 *fill*         0x08001446        0x2 
 .text.CAN1_RX0_IRQHandler
                0x08001448       0x14 ./Core/Src/stm32f7xx_it.o
                0x08001448                CAN1_RX0_IRQHandler
 .text.USART1_IRQHandler
                0x0800145c       0x14 ./Core/Src/stm32f7xx_it.o
                0x0800145c                USART1_IRQHandler
 .text.USART2_IRQHandler
                0x08001470       0x14 ./Core/Src/stm32f7xx_it.o
                0x08001470                USART2_IRQHandler
 .text._sbrk    0x08001484       0x6c ./Core/Src/sysmem.o
                0x08001484                _sbrk
 .text.SystemInit
                0x080014f0       0x24 ./Core/Src/system_stm32f7xx.o
                0x080014f0                SystemInit
 .text.Reset_Handler
                0x08001514       0x50 ./Core/Startup/startup_stm32f767zitx.o
                0x08001514                Reset_Handler
 .text.Default_Handler
                0x08001564        0x2 ./Core/Startup/startup_stm32f767zitx.o
                0x08001564                RTC_Alarm_IRQHandler
                0x08001564                EXTI2_IRQHandler
                0x08001564                TIM8_CC_IRQHandler
                0x08001564                UART8_IRQHandler
                0x08001564                SPI4_IRQHandler
                0x08001564                TIM1_CC_IRQHandler
                0x08001564                DMA2_Stream5_IRQHandler
                0x08001564                JPEG_IRQHandler
                0x08001564                DMA1_Stream5_IRQHandler
                0x08001564                CAN3_RX1_IRQHandler
                0x08001564                PVD_IRQHandler
                0x08001564                TAMP_STAMP_IRQHandler
                0x08001564                CAN2_RX1_IRQHandler
                0x08001564                EXTI3_IRQHandler
                0x08001564                TIM8_TRG_COM_TIM14_IRQHandler
                0x08001564                DFSDM1_FLT1_IRQHandler
                0x08001564                TIM1_UP_TIM10_IRQHandler
                0x08001564                TIM8_UP_TIM13_IRQHandler
                0x08001564                I2C3_ER_IRQHandler
                0x08001564                DFSDM1_FLT2_IRQHandler
                0x08001564                EXTI0_IRQHandler
                0x08001564                I2C2_EV_IRQHandler
                0x08001564                DMA1_Stream2_IRQHandler
                0x08001564                FPU_IRQHandler
                0x08001564                OTG_HS_WKUP_IRQHandler
                0x08001564                CAN3_SCE_IRQHandler
                0x08001564                LTDC_ER_IRQHandler
                0x08001564                CAN2_SCE_IRQHandler
                0x08001564                DMA2_Stream2_IRQHandler
                0x08001564                SPI1_IRQHandler
                0x08001564                TIM6_DAC_IRQHandler
                0x08001564                TIM1_BRK_TIM9_IRQHandler
                0x08001564                DCMI_IRQHandler
                0x08001564                CAN2_RX0_IRQHandler
                0x08001564                DMA2_Stream3_IRQHandler
                0x08001564                SAI2_IRQHandler
                0x08001564                DFSDM1_FLT3_IRQHandler
                0x08001564                USART6_IRQHandler
                0x08001564                CAN3_RX0_IRQHandler
                0x08001564                USART3_IRQHandler
                0x08001564                CAN1_RX1_IRQHandler
                0x08001564                UART5_IRQHandler
                0x08001564                DMA2_Stream0_IRQHandler
                0x08001564                TIM4_IRQHandler
                0x08001564                QUADSPI_IRQHandler
                0x08001564                I2C1_EV_IRQHandler
                0x08001564                DMA1_Stream6_IRQHandler
                0x08001564                DMA1_Stream1_IRQHandler
                0x08001564                UART4_IRQHandler
                0x08001564                TIM3_IRQHandler
                0x08001564                RCC_IRQHandler
                0x08001564                TIM8_BRK_TIM12_IRQHandler
                0x08001564                Default_Handler
                0x08001564                CEC_IRQHandler
                0x08001564                EXTI15_10_IRQHandler
                0x08001564                ADC_IRQHandler
                0x08001564                DMA1_Stream7_IRQHandler
                0x08001564                SPI5_IRQHandler
                0x08001564                TIM7_IRQHandler
                0x08001564                SDMMC1_IRQHandler
                0x08001564                CAN2_TX_IRQHandler
                0x08001564                TIM5_IRQHandler
                0x08001564                DMA2_Stream7_IRQHandler
                0x08001564                I2C3_EV_IRQHandler
                0x08001564                EXTI9_5_IRQHandler
                0x08001564                RTC_WKUP_IRQHandler
                0x08001564                LTDC_IRQHandler
                0x08001564                ETH_WKUP_IRQHandler
                0x08001564                SPDIF_RX_IRQHandler
                0x08001564                SPI2_IRQHandler
                0x08001564                OTG_HS_EP1_IN_IRQHandler
                0x08001564                DMA1_Stream0_IRQHandler
                0x08001564                CAN1_TX_IRQHandler
                0x08001564                EXTI4_IRQHandler
                0x08001564                RNG_IRQHandler
                0x08001564                ETH_IRQHandler
                0x08001564                OTG_HS_EP1_OUT_IRQHandler
                0x08001564                WWDG_IRQHandler
                0x08001564                SPI6_IRQHandler
                0x08001564                MDIOS_IRQHandler
                0x08001564                I2C4_EV_IRQHandler
                0x08001564                CAN3_TX_IRQHandler
                0x08001564                TIM2_IRQHandler
                0x08001564                OTG_FS_WKUP_IRQHandler
                0x08001564                TIM1_TRG_COM_TIM11_IRQHandler
                0x08001564                OTG_HS_IRQHandler
                0x08001564                DMA2D_IRQHandler
                0x08001564                EXTI1_IRQHandler
                0x08001564                SDMMC2_IRQHandler
                0x08001564                UART7_IRQHandler
                0x08001564                DFSDM1_FLT0_IRQHandler
                0x08001564                I2C2_ER_IRQHandler
                0x08001564                DMA2_Stream1_IRQHandler
                0x08001564                CAN1_SCE_IRQHandler
                0x08001564                FLASH_IRQHandler
                0x08001564                DMA2_Stream4_IRQHandler
                0x08001564                OTG_FS_IRQHandler
                0x08001564                SPI3_IRQHandler
                0x08001564                DMA1_Stream4_IRQHandler
                0x08001564                I2C1_ER_IRQHandler
                0x08001564                FMC_IRQHandler
                0x08001564                LPTIM1_IRQHandler
                0x08001564                I2C4_ER_IRQHandler
                0x08001564                DMA2_Stream6_IRQHandler
                0x08001564                SAI1_IRQHandler
                0x08001564                DMA1_Stream3_IRQHandler
 .text.HAL_Init
                0x08001566       0x1a ./Drivers/STM32F7xx_HAL_Driver/Src/stm32f7xx_hal.o
                0x08001566                HAL_Init
 .text.HAL_InitTick
                0x08001580       0x60 ./Drivers/STM32F7xx_HAL_Driver/Src/stm32f7xx_hal.o
                0x08001580                HAL_InitTick
 .text.HAL_IncTick
                0x080015e0       0x28 ./Drivers/STM32F7xx_HAL_Driver/Src/stm32f7xx_hal.o
                0x080015e0                HAL_IncTick
 .text.HAL_GetTick
                0x08001608       0x18 ./Drivers/STM32F7xx_HAL_Driver/Src/stm32f7xx_hal.o
                0x08001608                HAL_GetTick
 .text.HAL_Delay
                0x08001620       0x48 ./Drivers/STM32F7xx_HAL_Driver/Src/stm32f7xx_hal.o
                0x08001620                HAL_Delay
 .text.HAL_CAN_Init
                0x08001668      0x1f6 ./Drivers/STM32F7xx_HAL_Driver/Src/stm32f7xx_hal_can.o
                0x08001668                HAL_CAN_Init
 *fill*         0x0800185e        0x2 
 .text.HAL_CAN_ConfigFilter
                0x08001860      0x1d8 ./Drivers/STM32F7xx_HAL_Driver/Src/stm32f7xx_hal_can.o
                0x08001860                HAL_CAN_ConfigFilter
 .text.HAL_CAN_Start
                0x08001a38       0x88 ./Drivers/STM32F7xx_HAL_Driver/Src/stm32f7xx_hal_can.o
                0x08001a38                HAL_CAN_Start
 .text.HAL_CAN_GetRxMessage
                0x08001ac0      0x244 ./Drivers/STM32F7xx_HAL_Driver/Src/stm32f7xx_hal_can.o
                0x08001ac0                HAL_CAN_GetRxMessage
 .text.HAL_CAN_ActivateNotification
                0x08001d04       0x4c ./Drivers/STM32F7xx_HAL_Driver/Src/stm32f7xx_hal_can.o
                0x08001d04                HAL_CAN_ActivateNotification
 .text.HAL_CAN_IRQHandler
                0x08001d50      0x36e ./Drivers/STM32F7xx_HAL_Driver/Src/stm32f7xx_hal_can.o
                0x08001d50                HAL_CAN_IRQHandler
 .text.HAL_CAN_TxMailbox0CompleteCallback
                0x080020be       0x14 ./Drivers/STM32F7xx_HAL_Driver/Src/stm32f7xx_hal_can.o
                0x080020be                HAL_CAN_TxMailbox0CompleteCallback
 .text.HAL_CAN_TxMailbox1CompleteCallback
                0x080020d2       0x14 ./Drivers/STM32F7xx_HAL_Driver/Src/stm32f7xx_hal_can.o
                0x080020d2                HAL_CAN_TxMailbox1CompleteCallback
 .text.HAL_CAN_TxMailbox2CompleteCallback
                0x080020e6       0x14 ./Drivers/STM32F7xx_HAL_Driver/Src/stm32f7xx_hal_can.o
                0x080020e6                HAL_CAN_TxMailbox2CompleteCallback
 .text.HAL_CAN_TxMailbox0AbortCallback
                0x080020fa       0x14 ./Drivers/STM32F7xx_HAL_Driver/Src/stm32f7xx_hal_can.o
                0x080020fa                HAL_CAN_TxMailbox0AbortCallback
 .text.HAL_CAN_TxMailbox1AbortCallback
                0x0800210e       0x14 ./Drivers/STM32F7xx_HAL_Driver/Src/stm32f7xx_hal_can.o
                0x0800210e                HAL_CAN_TxMailbox1AbortCallback
 .text.HAL_CAN_TxMailbox2AbortCallback
                0x08002122       0x14 ./Drivers/STM32F7xx_HAL_Driver/Src/stm32f7xx_hal_can.o
                0x08002122                HAL_CAN_TxMailbox2AbortCallback
 .text.HAL_CAN_RxFifo0FullCallback
                0x08002136       0x14 ./Drivers/STM32F7xx_HAL_Driver/Src/stm32f7xx_hal_can.o
                0x08002136                HAL_CAN_RxFifo0FullCallback
 .text.HAL_CAN_RxFifo1MsgPendingCallback
                0x0800214a       0x14 ./Drivers/STM32F7xx_HAL_Driver/Src/stm32f7xx_hal_can.o
                0x0800214a                HAL_CAN_RxFifo1MsgPendingCallback
 .text.HAL_CAN_RxFifo1FullCallback
                0x0800215e       0x14 ./Drivers/STM32F7xx_HAL_Driver/Src/stm32f7xx_hal_can.o
                0x0800215e                HAL_CAN_RxFifo1FullCallback
 .text.HAL_CAN_SleepCallback
                0x08002172       0x14 ./Drivers/STM32F7xx_HAL_Driver/Src/stm32f7xx_hal_can.o
                0x08002172                HAL_CAN_SleepCallback
 .text.HAL_CAN_WakeUpFromRxMsgCallback
                0x08002186       0x14 ./Drivers/STM32F7xx_HAL_Driver/Src/stm32f7xx_hal_can.o
                0x08002186                HAL_CAN_WakeUpFromRxMsgCallback
 .text.HAL_CAN_ErrorCallback
                0x0800219a       0x14 ./Drivers/STM32F7xx_HAL_Driver/Src/stm32f7xx_hal_can.o
                0x0800219a                HAL_CAN_ErrorCallback
 *fill*         0x080021ae        0x2 
 .text.__NVIC_SetPriorityGrouping
                0x080021b0       0x48 ./Drivers/STM32F7xx_HAL_Driver/Src/stm32f7xx_hal_cortex.o
 .text.__NVIC_GetPriorityGrouping
                0x080021f8       0x1c ./Drivers/STM32F7xx_HAL_Driver/Src/stm32f7xx_hal_cortex.o
 .text.__NVIC_EnableIRQ
                0x08002214       0x3c ./Drivers/STM32F7xx_HAL_Driver/Src/stm32f7xx_hal_cortex.o
 .text.__NVIC_SetPriority
                0x08002250       0x54 ./Drivers/STM32F7xx_HAL_Driver/Src/stm32f7xx_hal_cortex.o
 .text.NVIC_EncodePriority
                0x080022a4       0x66 ./Drivers/STM32F7xx_HAL_Driver/Src/stm32f7xx_hal_cortex.o
 *fill*         0x0800230a        0x2 
 .text.SysTick_Config
                0x0800230c       0x44 ./Drivers/STM32F7xx_HAL_Driver/Src/stm32f7xx_hal_cortex.o
 .text.HAL_NVIC_SetPriorityGrouping
                0x08002350       0x16 ./Drivers/STM32F7xx_HAL_Driver/Src/stm32f7xx_hal_cortex.o
                0x08002350                HAL_NVIC_SetPriorityGrouping
 .text.HAL_NVIC_SetPriority
                0x08002366       0x38 ./Drivers/STM32F7xx_HAL_Driver/Src/stm32f7xx_hal_cortex.o
                0x08002366                HAL_NVIC_SetPriority
 .text.HAL_NVIC_EnableIRQ
                0x0800239e       0x1c ./Drivers/STM32F7xx_HAL_Driver/Src/stm32f7xx_hal_cortex.o
                0x0800239e                HAL_NVIC_EnableIRQ
 .text.HAL_SYSTICK_Config
                0x080023ba       0x18 ./Drivers/STM32F7xx_HAL_Driver/Src/stm32f7xx_hal_cortex.o
                0x080023ba                HAL_SYSTICK_Config
 *fill*         0x080023d2        0x2 
 .text.HAL_MPU_Disable
                0x080023d4       0x30 ./Drivers/STM32F7xx_HAL_Driver/Src/stm32f7xx_hal_cortex.o
                0x080023d4                HAL_MPU_Disable
 .text.HAL_MPU_Enable
                0x08002404       0x40 ./Drivers/STM32F7xx_HAL_Driver/Src/stm32f7xx_hal_cortex.o
                0x08002404                HAL_MPU_Enable
 .text.HAL_MPU_ConfigRegion
                0x08002444       0x80 ./Drivers/STM32F7xx_HAL_Driver/Src/stm32f7xx_hal_cortex.o
                0x08002444                HAL_MPU_ConfigRegion
 .text.HAL_DMA_Abort
                0x080024c4       0xe0 ./Drivers/STM32F7xx_HAL_Driver/Src/stm32f7xx_hal_dma.o
                0x080024c4                HAL_DMA_Abort
 .text.HAL_DMA_Abort_IT
                0x080025a4       0x44 ./Drivers/STM32F7xx_HAL_Driver/Src/stm32f7xx_hal_dma.o
                0x080025a4                HAL_DMA_Abort_IT
 .text.HAL_GPIO_Init
                0x080025e8      0x358 ./Drivers/STM32F7xx_HAL_Driver/Src/stm32f7xx_hal_gpio.o
                0x080025e8                HAL_GPIO_Init
 .text.HAL_RCC_OscConfig
                0x08002940      0x55c ./Drivers/STM32F7xx_HAL_Driver/Src/stm32f7xx_hal_rcc.o
                0x08002940                HAL_RCC_OscConfig
 .text.HAL_RCC_ClockConfig
                0x08002e9c      0x1d8 ./Drivers/STM32F7xx_HAL_Driver/Src/stm32f7xx_hal_rcc.o
                0x08002e9c                HAL_RCC_ClockConfig
 .text.HAL_RCC_GetSysClockFreq
                0x08003074      0x18c ./Drivers/STM32F7xx_HAL_Driver/Src/stm32f7xx_hal_rcc.o
                0x08003074                HAL_RCC_GetSysClockFreq
 .text.HAL_RCC_GetHCLKFreq
                0x08003200       0x18 ./Drivers/STM32F7xx_HAL_Driver/Src/stm32f7xx_hal_rcc.o
                0x08003200                HAL_RCC_GetHCLKFreq
 .text.HAL_RCC_GetPCLK1Freq
                0x08003218       0x28 ./Drivers/STM32F7xx_HAL_Driver/Src/stm32f7xx_hal_rcc.o
                0x08003218                HAL_RCC_GetPCLK1Freq
 .text.HAL_RCC_GetPCLK2Freq
                0x08003240       0x28 ./Drivers/STM32F7xx_HAL_Driver/Src/stm32f7xx_hal_rcc.o
                0x08003240                HAL_RCC_GetPCLK2Freq
 .text.HAL_RCCEx_PeriphCLKConfig
                0x08003268      0x850 ./Drivers/STM32F7xx_HAL_Driver/Src/stm32f7xx_hal_rcc_ex.o
                0x08003268                HAL_RCCEx_PeriphCLKConfig
 .text.HAL_UART_Init
                0x08003ab8       0x9c ./Drivers/STM32F7xx_HAL_Driver/Src/stm32f7xx_hal_uart.o
                0x08003ab8                HAL_UART_Init
 .text.HAL_UART_Transmit_IT
                0x08003b54       0xbc ./Drivers/STM32F7xx_HAL_Driver/Src/stm32f7xx_hal_uart.o
                0x08003b54                HAL_UART_Transmit_IT
 .text.HAL_UART_Receive_IT
                0x08003c10       0x88 ./Drivers/STM32F7xx_HAL_Driver/Src/stm32f7xx_hal_uart.o
                0x08003c10                HAL_UART_Receive_IT
 .text.HAL_UART_IRQHandler
                0x08003c98      0x5d0 ./Drivers/STM32F7xx_HAL_Driver/Src/stm32f7xx_hal_uart.o
                0x08003c98                HAL_UART_IRQHandler
 .text.HAL_UART_TxCpltCallback
                0x08004268       0x14 ./Drivers/STM32F7xx_HAL_Driver/Src/stm32f7xx_hal_uart.o
                0x08004268                HAL_UART_TxCpltCallback
 .text.HAL_UART_ErrorCallback
                0x0800427c       0x14 ./Drivers/STM32F7xx_HAL_Driver/Src/stm32f7xx_hal_uart.o
                0x0800427c                HAL_UART_ErrorCallback
 .text.HAL_UARTEx_RxEventCallback
                0x08004290       0x18 ./Drivers/STM32F7xx_HAL_Driver/Src/stm32f7xx_hal_uart.o
                0x08004290                HAL_UARTEx_RxEventCallback
 .text.HAL_UARTEx_WakeupCallback
                0x080042a8       0x14 ./Drivers/STM32F7xx_HAL_Driver/Src/stm32f7xx_hal_uart.o
                0x080042a8                HAL_UARTEx_WakeupCallback
 .text.HAL_UART_GetState
                0x080042bc       0x28 ./Drivers/STM32F7xx_HAL_Driver/Src/stm32f7xx_hal_uart.o
                0x080042bc                HAL_UART_GetState
 .text.UART_SetConfig
                0x080042e4      0x4c8 ./Drivers/STM32F7xx_HAL_Driver/Src/stm32f7xx_hal_uart.o
                0x080042e4                UART_SetConfig
 .text.UART_AdvFeatureConfig
                0x080047ac      0x144 ./Drivers/STM32F7xx_HAL_Driver/Src/stm32f7xx_hal_uart.o
                0x080047ac                UART_AdvFeatureConfig
 .text.UART_CheckIdleState
                0x080048f0      0x150 ./Drivers/STM32F7xx_HAL_Driver/Src/stm32f7xx_hal_uart.o
                0x080048f0                UART_CheckIdleState
 .text.UART_WaitOnFlagUntilTimeout
                0x08004a40       0xda ./Drivers/STM32F7xx_HAL_Driver/Src/stm32f7xx_hal_uart.o
                0x08004a40                UART_WaitOnFlagUntilTimeout
 *fill*         0x08004b1a        0x2 
 .text.UART_Start_Receive_IT
                0x08004b1c      0x18c ./Drivers/STM32F7xx_HAL_Driver/Src/stm32f7xx_hal_uart.o
                0x08004b1c                UART_Start_Receive_IT
 .text.UART_EndRxTransfer
                0x08004ca8       0xc8 ./Drivers/STM32F7xx_HAL_Driver/Src/stm32f7xx_hal_uart.o
 .text.UART_DMAAbortOnError
                0x08004d70       0x2c ./Drivers/STM32F7xx_HAL_Driver/Src/stm32f7xx_hal_uart.o
 .text.UART_TxISR_8BIT
                0x08004d9c       0xb6 ./Drivers/STM32F7xx_HAL_Driver/Src/stm32f7xx_hal_uart.o
 .text.UART_TxISR_16BIT
                0x08004e52       0xc0 ./Drivers/STM32F7xx_HAL_Driver/Src/stm32f7xx_hal_uart.o
 .text.UART_EndTransmit_IT
                0x08004f12       0x54 ./Drivers/STM32F7xx_HAL_Driver/Src/stm32f7xx_hal_uart.o
 .text.UART_RxISR_8BIT
                0x08004f66      0x1a8 ./Drivers/STM32F7xx_HAL_Driver/Src/stm32f7xx_hal_uart.o
 .text.UART_RxISR_16BIT
                0x0800510e      0x1a8 ./Drivers/STM32F7xx_HAL_Driver/Src/stm32f7xx_hal_uart.o
 *fill*         0x080052b6        0x2 
 .text.sprintf  0x080052b8       0x40 C:/ST/STM32CubeIDE_1.15.0/STM32CubeIDE/plugins/com.st.stm32cube.ide.mcu.externaltools.gnu-tools-for-stm32.12.3.rel1.win32_1.0.200.202406191623/tools/bin/../lib/gcc/arm-none-eabi/12.3.1/../../../../arm-none-eabi/lib/thumb/v7e-m+dp/hard\libc_nano.a(libc_a-sprintf.o)
                0x080052b8                siprintf
                0x080052b8                sprintf
 .text.memset   0x080052f8       0x10 C:/ST/STM32CubeIDE_1.15.0/STM32CubeIDE/plugins/com.st.stm32cube.ide.mcu.externaltools.gnu-tools-for-stm32.12.3.rel1.win32_1.0.200.202406191623/tools/bin/../lib/gcc/arm-none-eabi/12.3.1/../../../../arm-none-eabi/lib/thumb/v7e-m+dp/hard\libc_nano.a(libc_a-memset.o)
                0x080052f8                memset
 .text.__errno  0x08005308        0xc C:/ST/STM32CubeIDE_1.15.0/STM32CubeIDE/plugins/com.st.stm32cube.ide.mcu.externaltools.gnu-tools-for-stm32.12.3.rel1.win32_1.0.200.202406191623/tools/bin/../lib/gcc/arm-none-eabi/12.3.1/../../../../arm-none-eabi/lib/thumb/v7e-m+dp/hard\libc_nano.a(libc_a-errno.o)
                0x08005308                __errno
 .text.__libc_init_array
                0x08005314       0x48 C:/ST/STM32CubeIDE_1.15.0/STM32CubeIDE/plugins/com.st.stm32cube.ide.mcu.externaltools.gnu-tools-for-stm32.12.3.rel1.win32_1.0.200.202406191623/tools/bin/../lib/gcc/arm-none-eabi/12.3.1/../../../../arm-none-eabi/lib/thumb/v7e-m+dp/hard\libc_nano.a(libc_a-init.o)
                0x08005314                __libc_init_array
 .text.__retarget_lock_acquire_recursive
                0x0800535c        0x2 C:/ST/STM32CubeIDE_1.15.0/STM32CubeIDE/plugins/com.st.stm32cube.ide.mcu.externaltools.gnu-tools-for-stm32.12.3.rel1.win32_1.0.200.202406191623/tools/bin/../lib/gcc/arm-none-eabi/12.3.1/../../../../arm-none-eabi/lib/thumb/v7e-m+dp/hard\libc_nano.a(libc_a-lock.o)
                0x0800535c                __retarget_lock_acquire_recursive
 .text.__retarget_lock_release_recursive
                0x0800535e        0x2 C:/ST/STM32CubeIDE_1.15.0/STM32CubeIDE/plugins/com.st.stm32cube.ide.mcu.externaltools.gnu-tools-for-stm32.12.3.rel1.win32_1.0.200.202406191623/tools/bin/../lib/gcc/arm-none-eabi/12.3.1/../../../../arm-none-eabi/lib/thumb/v7e-m+dp/hard\libc_nano.a(libc_a-lock.o)
                0x0800535e                __retarget_lock_release_recursive
 .text._free_r  0x08005360       0x94 C:/ST/STM32CubeIDE_1.15.0/STM32CubeIDE/plugins/com.st.stm32cube.ide.mcu.externaltools.gnu-tools-for-stm32.12.3.rel1.win32_1.0.200.202406191623/tools/bin/../lib/gcc/arm-none-eabi/12.3.1/../../../../arm-none-eabi/lib/thumb/v7e-m+dp/hard\libc_nano.a(libc_a-freer.o)
                0x08005360                _free_r
 .text.sbrk_aligned
                0x080053f4       0x44 C:/ST/STM32CubeIDE_1.15.0/STM32CubeIDE/plugins/com.st.stm32cube.ide.mcu.externaltools.gnu-tools-for-stm32.12.3.rel1.win32_1.0.200.202406191623/tools/bin/../lib/gcc/arm-none-eabi/12.3.1/../../../../arm-none-eabi/lib/thumb/v7e-m+dp/hard\libc_nano.a(libc_a-mallocr.o)
 .text._malloc_r
                0x08005438      0x100 C:/ST/STM32CubeIDE_1.15.0/STM32CubeIDE/plugins/com.st.stm32cube.ide.mcu.externaltools.gnu-tools-for-stm32.12.3.rel1.win32_1.0.200.202406191623/tools/bin/../lib/gcc/arm-none-eabi/12.3.1/../../../../arm-none-eabi/lib/thumb/v7e-m+dp/hard\libc_nano.a(libc_a-mallocr.o)
                0x08005438                _malloc_r
 .text.__malloc_lock
                0x08005538        0xc C:/ST/STM32CubeIDE_1.15.0/STM32CubeIDE/plugins/com.st.stm32cube.ide.mcu.externaltools.gnu-tools-for-stm32.12.3.rel1.win32_1.0.200.202406191623/tools/bin/../lib/gcc/arm-none-eabi/12.3.1/../../../../arm-none-eabi/lib/thumb/v7e-m+dp/hard\libc_nano.a(libc_a-mlock.o)
                0x08005538                __malloc_lock
 .text.__malloc_unlock
                0x08005544        0xc C:/ST/STM32CubeIDE_1.15.0/STM32CubeIDE/plugins/com.st.stm32cube.ide.mcu.externaltools.gnu-tools-for-stm32.12.3.rel1.win32_1.0.200.202406191623/tools/bin/../lib/gcc/arm-none-eabi/12.3.1/../../../../arm-none-eabi/lib/thumb/v7e-m+dp/hard\libc_nano.a(libc_a-mlock.o)
                0x08005544                __malloc_unlock
 .text.__ssputs_r
                0x08005550       0xb6 C:/ST/STM32CubeIDE_1.15.0/STM32CubeIDE/plugins/com.st.stm32cube.ide.mcu.externaltools.gnu-tools-for-stm32.12.3.rel1.win32_1.0.200.202406191623/tools/bin/../lib/gcc/arm-none-eabi/12.3.1/../../../../arm-none-eabi/lib/thumb/v7e-m+dp/hard\libc_nano.a(libc_a-nano-svfprintf.o)
                0x08005550                __ssputs_r
 *fill*         0x08005606        0x2 
 .text._svfprintf_r
                0x08005608      0x1f8 C:/ST/STM32CubeIDE_1.15.0/STM32CubeIDE/plugins/com.st.stm32cube.ide.mcu.externaltools.gnu-tools-for-stm32.12.3.rel1.win32_1.0.200.202406191623/tools/bin/../lib/gcc/arm-none-eabi/12.3.1/../../../../arm-none-eabi/lib/thumb/v7e-m+dp/hard\libc_nano.a(libc_a-nano-svfprintf.o)
                0x08005608                _svfiprintf_r
                0x08005608                _svfprintf_r
 .text._printf_common
                0x08005800       0xda C:/ST/STM32CubeIDE_1.15.0/STM32CubeIDE/plugins/com.st.stm32cube.ide.mcu.externaltools.gnu-tools-for-stm32.12.3.rel1.win32_1.0.200.202406191623/tools/bin/../lib/gcc/arm-none-eabi/12.3.1/../../../../arm-none-eabi/lib/thumb/v7e-m+dp/hard\libc_nano.a(libc_a-nano-vfprintf_i.o)
                0x08005800                _printf_common
 *fill*         0x080058da        0x2 
 .text._printf_i
                0x080058dc      0x240 C:/ST/STM32CubeIDE_1.15.0/STM32CubeIDE/plugins/com.st.stm32cube.ide.mcu.externaltools.gnu-tools-for-stm32.12.3.rel1.win32_1.0.200.202406191623/tools/bin/../lib/gcc/arm-none-eabi/12.3.1/../../../../arm-none-eabi/lib/thumb/v7e-m+dp/hard\libc_nano.a(libc_a-nano-vfprintf_i.o)
                0x080058dc                _printf_i
 .text.memmove  0x08005b1c       0x34 C:/ST/STM32CubeIDE_1.15.0/STM32CubeIDE/plugins/com.st.stm32cube.ide.mcu.externaltools.gnu-tools-for-stm32.12.3.rel1.win32_1.0.200.202406191623/tools/bin/../lib/gcc/arm-none-eabi/12.3.1/../../../../arm-none-eabi/lib/thumb/v7e-m+dp/hard\libc_nano.a(libc_a-memmove.o)
                0x08005b1c                memmove
 .text._sbrk_r  0x08005b50       0x20 C:/ST/STM32CubeIDE_1.15.0/STM32CubeIDE/plugins/com.st.stm32cube.ide.mcu.externaltools.gnu-tools-for-stm32.12.3.rel1.win32_1.0.200.202406191623/tools/bin/../lib/gcc/arm-none-eabi/12.3.1/../../../../arm-none-eabi/lib/thumb/v7e-m+dp/hard\libc_nano.a(libc_a-sbrkr.o)
                0x08005b50                _sbrk_r
 .text.memcpy   0x08005b70       0x1c C:/ST/STM32CubeIDE_1.15.0/STM32CubeIDE/plugins/com.st.stm32cube.ide.mcu.externaltools.gnu-tools-for-stm32.12.3.rel1.win32_1.0.200.202406191623/tools/bin/../lib/gcc/arm-none-eabi/12.3.1/../../../../arm-none-eabi/lib/thumb/v7e-m+dp/hard\libc_nano.a(libc_a-memcpy-stub.o)
                0x08005b70                memcpy
 .text._realloc_r
                0x08005b8c       0x5c C:/ST/STM32CubeIDE_1.15.0/STM32CubeIDE/plugins/com.st.stm32cube.ide.mcu.externaltools.gnu-tools-for-stm32.12.3.rel1.win32_1.0.200.202406191623/tools/bin/../lib/gcc/arm-none-eabi/12.3.1/../../../../arm-none-eabi/lib/thumb/v7e-m+dp/hard\libc_nano.a(libc_a-reallocr.o)
                0x08005b8c                _realloc_r
 .text._malloc_usable_size_r
                0x08005be8       0x10 C:/ST/STM32CubeIDE_1.15.0/STM32CubeIDE/plugins/com.st.stm32cube.ide.mcu.externaltools.gnu-tools-for-stm32.12.3.rel1.win32_1.0.200.202406191623/tools/bin/../lib/gcc/arm-none-eabi/12.3.1/../../../../arm-none-eabi/lib/thumb/v7e-m+dp/hard\libc_nano.a(libc_a-msizer.o)
                0x08005be8                _malloc_usable_size_r
 *(.glue_7)
 .glue_7        0x08005bf8        0x0 linker stubs
 *(.glue_7t)
 .glue_7t       0x08005bf8        0x0 linker stubs
 *(.eh_frame)
 .eh_frame      0x08005bf8        0x0 C:/ST/STM32CubeIDE_1.15.0/STM32CubeIDE/plugins/com.st.stm32cube.ide.mcu.externaltools.gnu-tools-for-stm32.12.3.rel1.win32_1.0.200.202406191623/tools/bin/../lib/gcc/arm-none-eabi/12.3.1/thumb/v7e-m+dp/hard/crtbegin.o
 *(.init)
 .init          0x08005bf8        0x4 C:/ST/STM32CubeIDE_1.15.0/STM32CubeIDE/plugins/com.st.stm32cube.ide.mcu.externaltools.gnu-tools-for-stm32.12.3.rel1.win32_1.0.200.202406191623/tools/bin/../lib/gcc/arm-none-eabi/12.3.1/thumb/v7e-m+dp/hard/crti.o
                0x08005bf8                _init
 .init          0x08005bfc        0x8 C:/ST/STM32CubeIDE_1.15.0/STM32CubeIDE/plugins/com.st.stm32cube.ide.mcu.externaltools.gnu-tools-for-stm32.12.3.rel1.win32_1.0.200.202406191623/tools/bin/../lib/gcc/arm-none-eabi/12.3.1/thumb/v7e-m+dp/hard/crtn.o
 *(.fini)
 .fini          0x08005c04        0x4 C:/ST/STM32CubeIDE_1.15.0/STM32CubeIDE/plugins/com.st.stm32cube.ide.mcu.externaltools.gnu-tools-for-stm32.12.3.rel1.win32_1.0.200.202406191623/tools/bin/../lib/gcc/arm-none-eabi/12.3.1/thumb/v7e-m+dp/hard/crti.o
                0x08005c04                _fini
 .fini          0x08005c08        0x8 C:/ST/STM32CubeIDE_1.15.0/STM32CubeIDE/plugins/com.st.stm32cube.ide.mcu.externaltools.gnu-tools-for-stm32.12.3.rel1.win32_1.0.200.202406191623/tools/bin/../lib/gcc/arm-none-eabi/12.3.1/thumb/v7e-m+dp/hard/crtn.o
                0x08005c10                        . = ALIGN (0x4)
                0x08005c10                        _etext = .

.vfp11_veneer   0x08005c10        0x0
 .vfp11_veneer  0x08005c10        0x0 linker stubs

.v4_bx          0x08005c10        0x0
 .v4_bx         0x08005c10        0x0 linker stubs

.iplt           0x08005c10        0x0
 .iplt          0x08005c10        0x0 C:/ST/STM32CubeIDE_1.15.0/STM32CubeIDE/plugins/com.st.stm32cube.ide.mcu.externaltools.gnu-tools-for-stm32.12.3.rel1.win32_1.0.200.202406191623/tools/bin/../lib/gcc/arm-none-eabi/12.3.1/thumb/v7e-m+dp/hard/crtbegin.o

.rodata         0x08005c10      0x11c
                0x08005c10                        . = ALIGN (0x4)
 *(.rodata)
 .rodata        0x08005c10       0xce ./Core/Src/main.o
 *(.rodata*)
 *fill*         0x08005cde        0x2 
 .rodata.AHBPrescTable
                0x08005ce0       0x10 ./Core/Src/system_stm32f7xx.o
                0x08005ce0                AHBPrescTable
 .rodata.APBPrescTable
                0x08005cf0        0x8 ./Core/Src/system_stm32f7xx.o
                0x08005cf0                APBPrescTable
 .rodata._svfprintf_r.str1.1
                0x08005cf8       0x11 C:/ST/STM32CubeIDE_1.15.0/STM32CubeIDE/plugins/com.st.stm32cube.ide.mcu.externaltools.gnu-tools-for-stm32.12.3.rel1.win32_1.0.200.202406191623/tools/bin/../lib/gcc/arm-none-eabi/12.3.1/../../../../arm-none-eabi/lib/thumb/v7e-m+dp/hard\libc_nano.a(libc_a-nano-svfprintf.o)
 .rodata._printf_i.str1.1
                0x08005d09       0x22 C:/ST/STM32CubeIDE_1.15.0/STM32CubeIDE/plugins/com.st.stm32cube.ide.mcu.externaltools.gnu-tools-for-stm32.12.3.rel1.win32_1.0.200.202406191623/tools/bin/../lib/gcc/arm-none-eabi/12.3.1/../../../../arm-none-eabi/lib/thumb/v7e-m+dp/hard\libc_nano.a(libc_a-nano-vfprintf_i.o)
                0x08005d2c                        . = ALIGN (0x4)
 *fill*         0x08005d2b        0x1 

.ARM.extab      0x08005d2c        0x0
                0x08005d2c                        . = ALIGN (0x4)
 *(.ARM.extab* .gnu.linkonce.armextab.*)
                0x08005d2c                        . = ALIGN (0x4)

.ARM            0x08005d2c        0x8
                0x08005d2c                        . = ALIGN (0x4)
                0x08005d2c                        __exidx_start = .
 *(.ARM.exidx*)
 .ARM.exidx     0x08005d2c        0x8 C:/ST/STM32CubeIDE_1.15.0/STM32CubeIDE/plugins/com.st.stm32cube.ide.mcu.externaltools.gnu-tools-for-stm32.12.3.rel1.win32_1.0.200.202406191623/tools/bin/../lib/gcc/arm-none-eabi/12.3.1/../../../../arm-none-eabi/lib/thumb/v7e-m+dp/hard\libc_nano.a(libc_a-strlen.o)
 .ARM.exidx     0x08005d34        0x0 C:/ST/STM32CubeIDE_1.15.0/STM32CubeIDE/plugins/com.st.stm32cube.ide.mcu.externaltools.gnu-tools-for-stm32.12.3.rel1.win32_1.0.200.202406191623/tools/bin/../lib/gcc/arm-none-eabi/12.3.1/../../../../arm-none-eabi/lib/thumb/v7e-m+dp/hard\libc_nano.a(libc_a-memchr.o)
                                  0x8 (size before relaxing)
 .ARM.exidx     0x08005d34        0x0 C:/ST/STM32CubeIDE_1.15.0/STM32CubeIDE/plugins/com.st.stm32cube.ide.mcu.externaltools.gnu-tools-for-stm32.12.3.rel1.win32_1.0.200.202406191623/tools/bin/../lib/gcc/arm-none-eabi/12.3.1/thumb/v7e-m+dp/hard\libgcc.a(_udivmoddi4.o)
                                  0x8 (size before relaxing)
                0x08005d34                        __exidx_end = .
                0x08005d34                        . = ALIGN (0x4)

.preinit_array  0x08005d34        0x0
                0x08005d34                        . = ALIGN (0x4)
                0x08005d34                        PROVIDE (__preinit_array_start = .)
 *(.preinit_array*)
                0x08005d34                        PROVIDE (__preinit_array_end = .)
                0x08005d34                        . = ALIGN (0x4)

.init_array     0x08005d34        0x4
                0x08005d34                        . = ALIGN (0x4)
                0x08005d34                        PROVIDE (__init_array_start = .)
 *(SORT_BY_NAME(.init_array.*))
 *(.init_array*)
 .init_array    0x08005d34        0x4 C:/ST/STM32CubeIDE_1.15.0/STM32CubeIDE/plugins/com.st.stm32cube.ide.mcu.externaltools.gnu-tools-for-stm32.12.3.rel1.win32_1.0.200.202406191623/tools/bin/../lib/gcc/arm-none-eabi/12.3.1/thumb/v7e-m+dp/hard/crtbegin.o
                0x08005d38                        PROVIDE (__init_array_end = .)
                0x08005d38                        . = ALIGN (0x4)

.fini_array     0x08005d38        0x4
                0x08005d38                        . = ALIGN (0x4)
                [!provide]                        PROVIDE (__fini_array_start = .)
 *(SORT_BY_NAME(.fini_array.*))
 *(.fini_array*)
 .fini_array    0x08005d38        0x4 C:/ST/STM32CubeIDE_1.15.0/STM32CubeIDE/plugins/com.st.stm32cube.ide.mcu.externaltools.gnu-tools-for-stm32.12.3.rel1.win32_1.0.200.202406191623/tools/bin/../lib/gcc/arm-none-eabi/12.3.1/thumb/v7e-m+dp/hard/crtbegin.o
                [!provide]                        PROVIDE (__fini_array_end = .)
                0x08005d3c                        . = ALIGN (0x4)
                0x08005d3c                        _sidata = LOADADDR (.data)

.rel.dyn        0x08005d3c        0x0
 .rel.iplt      0x08005d3c        0x0 C:/ST/STM32CubeIDE_1.15.0/STM32CubeIDE/plugins/com.st.stm32cube.ide.mcu.externaltools.gnu-tools-for-stm32.12.3.rel1.win32_1.0.200.202406191623/tools/bin/../lib/gcc/arm-none-eabi/12.3.1/thumb/v7e-m+dp/hard/crtbegin.o

.data           0x20000000       0x60 load address 0x08005d3c
                0x20000000                        . = ALIGN (0x4)
                0x20000000                        _sdata = .
 *(.data)
 *(.data*)
 .data.cmdEnd   0x20000000        0x3 ./Core/Src/main.o
                0x20000000                cmdEnd
 *fill*         0x20000003        0x1 
 .data.SystemCoreClock
                0x20000004        0x4 ./Core/Src/system_stm32f7xx.o
                0x20000004                SystemCoreClock
 .data.uwTickPrio
                0x20000008        0x4 ./Drivers/STM32F7xx_HAL_Driver/Src/stm32f7xx_hal.o
                0x20000008                uwTickPrio
 .data.uwTickFreq
                0x2000000c        0x1 ./Drivers/STM32F7xx_HAL_Driver/Src/stm32f7xx_hal.o
                0x2000000c                uwTickFreq
 *fill*         0x2000000d        0x3 
 .data._impure_ptr
                0x20000010        0x4 C:/ST/STM32CubeIDE_1.15.0/STM32CubeIDE/plugins/com.st.stm32cube.ide.mcu.externaltools.gnu-tools-for-stm32.12.3.rel1.win32_1.0.200.202406191623/tools/bin/../lib/gcc/arm-none-eabi/12.3.1/../../../../arm-none-eabi/lib/thumb/v7e-m+dp/hard\libc_nano.a(libc_a-impure.o)
                0x20000010                _impure_ptr
 .data._impure_data
                0x20000014       0x4c C:/ST/STM32CubeIDE_1.15.0/STM32CubeIDE/plugins/com.st.stm32cube.ide.mcu.externaltools.gnu-tools-for-stm32.12.3.rel1.win32_1.0.200.202406191623/tools/bin/../lib/gcc/arm-none-eabi/12.3.1/../../../../arm-none-eabi/lib/thumb/v7e-m+dp/hard\libc_nano.a(libc_a-impure.o)
                0x20000014                _impure_data
 *(.RamFunc)
 *(.RamFunc*)
                0x20000060                        . = ALIGN (0x4)
                0x20000060                        _edata = .

.igot.plt       0x20000060        0x0 load address 0x08005d9c
 .igot.plt      0x20000060        0x0 C:/ST/STM32CubeIDE_1.15.0/STM32CubeIDE/plugins/com.st.stm32cube.ide.mcu.externaltools.gnu-tools-for-stm32.12.3.rel1.win32_1.0.200.202406191623/tools/bin/../lib/gcc/arm-none-eabi/12.3.1/thumb/v7e-m+dp/hard/crtbegin.o
                0x20000060                        . = ALIGN (0x4)

.bss            0x20000060      0x380 load address 0x08005d9c
                0x20000060                        _sbss = .
                0x20000060                        __bss_start__ = _sbss
 *(.bss)
 .bss           0x20000060       0x1c C:/ST/STM32CubeIDE_1.15.0/STM32CubeIDE/plugins/com.st.stm32cube.ide.mcu.externaltools.gnu-tools-for-stm32.12.3.rel1.win32_1.0.200.202406191623/tools/bin/../lib/gcc/arm-none-eabi/12.3.1/thumb/v7e-m+dp/hard/crtbegin.o
 *(.bss*)
 .bss.hcan1     0x2000007c       0x28 ./Core/Src/main.o
                0x2000007c                hcan1
 .bss.huart1    0x200000a4       0x88 ./Core/Src/main.o
                0x200000a4                huart1
 .bss.huart2    0x2000012c       0x88 ./Core/Src/main.o
                0x2000012c                huart2
 .bss.rxHeader  0x200001b4       0x1c ./Core/Src/main.o
                0x200001b4                rxHeader
 .bss.txHeader  0x200001d0       0x18 ./Core/Src/main.o
                0x200001d0                txHeader
 .bss.canRX     0x200001e8        0x8 ./Core/Src/main.o
                0x200001e8                canRX
 .bss.canfil    0x200001f0       0x28 ./Core/Src/main.o
                0x200001f0                canfil
 .bss.direction_speed_mode
                0x20000218        0x1 ./Core/Src/main.o
                0x20000218                direction_speed_mode
 .bss.direction
                0x20000219        0x1 ./Core/Src/main.o
                0x20000219                direction
 .bss.dc_voltage
                0x2000021a        0x2 ./Core/Src/main.o
                0x2000021a                dc_voltage
 .bss.motor_current
                0x2000021c        0x2 ./Core/Src/main.o
                0x2000021c                motor_current
 .bss.motor_temp
                0x2000021e        0x2 ./Core/Src/main.o
                0x2000021e                motor_temp
 .bss.controller_temp
                0x20000220        0x2 ./Core/Src/main.o
                0x20000220                controller_temp
 .bss.rotating_speed
                0x20000222        0x2 ./Core/Src/main.o
                0x20000222                rotating_speed
 .bss.error_code
                0x20000224        0x1 ./Core/Src/main.o
                0x20000224                error_code
 .bss.low_power_mode
                0x20000225        0x1 ./Core/Src/main.o
                0x20000225                low_power_mode
 .bss.mileage_subtotal
                0x20000226        0x2 ./Core/Src/main.o
                0x20000226                mileage_subtotal
 .bss.speed_mode
                0x20000228        0x1 ./Core/Src/main.o
                0x20000228                speed_mode
 .bss.speed     0x20000229        0x1 ./Core/Src/main.o
                0x20000229                speed
 .bss.soc       0x2000022a        0x1 ./Core/Src/main.o
                0x2000022a                soc
 .bss.gear      0x2000022b        0x1 ./Core/Src/main.o
                0x2000022b                gear
 .bss.myMessage
                0x2000022c       0x32 ./Core/Src/main.o
                0x2000022c                myMessage
 *fill*         0x2000025e        0x2 
 .bss.myfanmessage
                0x20000260       0x14 ./Core/Src/main.o
                0x20000260                myfanmessage
 .bss.coming_message
                0x20000274        0x1 ./Core/Src/main.o
                0x20000274                coming_message
 *fill*         0x20000275        0x3 
 .bss.buffer    0x20000278       0x14 ./Core/Src/main.o
                0x20000278                buffer
 .bss.buffer_index
                0x2000028c        0x2 ./Core/Src/main.o
                0x2000028c                buffer_index
 .bss.message_ready
                0x2000028e        0x1 ./Core/Src/main.o
                0x2000028e                message_ready
 *fill*         0x2000028f        0x1 
 .bss.__sbrk_heap_end
                0x20000290        0x4 ./Core/Src/sysmem.o
 .bss.uwTick    0x20000294        0x4 ./Drivers/STM32F7xx_HAL_Driver/Src/stm32f7xx_hal.o
                0x20000294                uwTick
 .bss.__sf      0x20000298      0x138 C:/ST/STM32CubeIDE_1.15.0/STM32CubeIDE/plugins/com.st.stm32cube.ide.mcu.externaltools.gnu-tools-for-stm32.12.3.rel1.win32_1.0.200.202406191623/tools/bin/../lib/gcc/arm-none-eabi/12.3.1/../../../../arm-none-eabi/lib/thumb/v7e-m+dp/hard\libc_nano.a(libc_a-findfp.o)
                0x20000298                __sf
 .bss.errno     0x200003d0        0x4 C:/ST/STM32CubeIDE_1.15.0/STM32CubeIDE/plugins/com.st.stm32cube.ide.mcu.externaltools.gnu-tools-for-stm32.12.3.rel1.win32_1.0.200.202406191623/tools/bin/../lib/gcc/arm-none-eabi/12.3.1/../../../../arm-none-eabi/lib/thumb/v7e-m+dp/hard\libc_nano.a(libc_a-reent.o)
                0x200003d0                errno
 .bss.__lock___malloc_recursive_mutex
                0x200003d4        0x1 C:/ST/STM32CubeIDE_1.15.0/STM32CubeIDE/plugins/com.st.stm32cube.ide.mcu.externaltools.gnu-tools-for-stm32.12.3.rel1.win32_1.0.200.202406191623/tools/bin/../lib/gcc/arm-none-eabi/12.3.1/../../../../arm-none-eabi/lib/thumb/v7e-m+dp/hard\libc_nano.a(libc_a-lock.o)
                0x200003d4                __lock___malloc_recursive_mutex
 *fill*         0x200003d5        0x3 
 .bss.__malloc_sbrk_start
                0x200003d8        0x4 C:/ST/STM32CubeIDE_1.15.0/STM32CubeIDE/plugins/com.st.stm32cube.ide.mcu.externaltools.gnu-tools-for-stm32.12.3.rel1.win32_1.0.200.202406191623/tools/bin/../lib/gcc/arm-none-eabi/12.3.1/../../../../arm-none-eabi/lib/thumb/v7e-m+dp/hard\libc_nano.a(libc_a-mallocr.o)
                0x200003d8                __malloc_sbrk_start
 .bss.__malloc_free_list
                0x200003dc        0x4 C:/ST/STM32CubeIDE_1.15.0/STM32CubeIDE/plugins/com.st.stm32cube.ide.mcu.externaltools.gnu-tools-for-stm32.12.3.rel1.win32_1.0.200.202406191623/tools/bin/../lib/gcc/arm-none-eabi/12.3.1/../../../../arm-none-eabi/lib/thumb/v7e-m+dp/hard\libc_nano.a(libc_a-mallocr.o)
                0x200003dc                __malloc_free_list
 *(COMMON)
                0x200003e0                        . = ALIGN (0x4)
                0x200003e0                        _ebss = .
                0x200003e0                        __bss_end__ = _ebss

._user_heap_stack
                0x200003e0      0x600 load address 0x08005d9c
                0x200003e0                        . = ALIGN (0x8)
                [!provide]                        PROVIDE (end = .)
                0x200003e0                        PROVIDE (_end = .)
                0x200005e0                        . = (. + _Min_Heap_Size)
 *fill*         0x200003e0      0x200 
                0x200009e0                        . = (. + _Min_Stack_Size)
 *fill*         0x200005e0      0x400 
                0x200009e0                        . = ALIGN (0x8)

/DISCARD/
 libc.a(*)
 libm.a(*)
 libgcc.a(*)

.ARM.attributes
                0x00000000       0x2e
 *(.ARM.attributes)
 .ARM.attributes
                0x00000000       0x20 C:/ST/STM32CubeIDE_1.15.0/STM32CubeIDE/plugins/com.st.stm32cube.ide.mcu.externaltools.gnu-tools-for-stm32.12.3.rel1.win32_1.0.200.202406191623/tools/bin/../lib/gcc/arm-none-eabi/12.3.1/thumb/v7e-m+dp/hard/crti.o
 .ARM.attributes
                0x00000020       0x32 C:/ST/STM32CubeIDE_1.15.0/STM32CubeIDE/plugins/com.st.stm32cube.ide.mcu.externaltools.gnu-tools-for-stm32.12.3.rel1.win32_1.0.200.202406191623/tools/bin/../lib/gcc/arm-none-eabi/12.3.1/thumb/v7e-m+dp/hard/crtbegin.o
 .ARM.attributes
                0x00000052       0x32 ./Core/Src/main.o
 .ARM.attributes
                0x00000084       0x32 ./Core/Src/stm32f7xx_hal_msp.o
 .ARM.attributes
                0x000000b6       0x32 ./Core/Src/stm32f7xx_it.o
 .ARM.attributes
                0x000000e8       0x32 ./Core/Src/sysmem.o
 .ARM.attributes
                0x0000011a       0x32 ./Core/Src/system_stm32f7xx.o
 .ARM.attributes
                0x0000014c       0x21 ./Core/Startup/startup_stm32f767zitx.o
 .ARM.attributes
                0x0000016d       0x32 ./Drivers/STM32F7xx_HAL_Driver/Src/stm32f7xx_hal.o
 .ARM.attributes
                0x0000019f       0x32 ./Drivers/STM32F7xx_HAL_Driver/Src/stm32f7xx_hal_can.o
 .ARM.attributes
                0x000001d1       0x32 ./Drivers/STM32F7xx_HAL_Driver/Src/stm32f7xx_hal_cortex.o
 .ARM.attributes
                0x00000203       0x32 ./Drivers/STM32F7xx_HAL_Driver/Src/stm32f7xx_hal_dma.o
 .ARM.attributes
                0x00000235       0x32 ./Drivers/STM32F7xx_HAL_Driver/Src/stm32f7xx_hal_gpio.o
 .ARM.attributes
                0x00000267       0x32 ./Drivers/STM32F7xx_HAL_Driver/Src/stm32f7xx_hal_rcc.o
 .ARM.attributes
                0x00000299       0x32 ./Drivers/STM32F7xx_HAL_Driver/Src/stm32f7xx_hal_rcc_ex.o
 .ARM.attributes
                0x000002cb       0x32 ./Drivers/STM32F7xx_HAL_Driver/Src/stm32f7xx_hal_uart.o
 .ARM.attributes
                0x000002fd       0x32 C:/ST/STM32CubeIDE_1.15.0/STM32CubeIDE/plugins/com.st.stm32cube.ide.mcu.externaltools.gnu-tools-for-stm32.12.3.rel1.win32_1.0.200.202406191623/tools/bin/../lib/gcc/arm-none-eabi/12.3.1/../../../../arm-none-eabi/lib/thumb/v7e-m+dp/hard\libc_nano.a(libc_a-findfp.o)
 .ARM.attributes
                0x0000032f       0x32 C:/ST/STM32CubeIDE_1.15.0/STM32CubeIDE/plugins/com.st.stm32cube.ide.mcu.externaltools.gnu-tools-for-stm32.12.3.rel1.win32_1.0.200.202406191623/tools/bin/../lib/gcc/arm-none-eabi/12.3.1/../../../../arm-none-eabi/lib/thumb/v7e-m+dp/hard\libc_nano.a(libc_a-sprintf.o)
 .ARM.attributes
                0x00000361       0x32 C:/ST/STM32CubeIDE_1.15.0/STM32CubeIDE/plugins/com.st.stm32cube.ide.mcu.externaltools.gnu-tools-for-stm32.12.3.rel1.win32_1.0.200.202406191623/tools/bin/../lib/gcc/arm-none-eabi/12.3.1/../../../../arm-none-eabi/lib/thumb/v7e-m+dp/hard\libc_nano.a(libc_a-memset.o)
 .ARM.attributes
                0x00000393       0x32 C:/ST/STM32CubeIDE_1.15.0/STM32CubeIDE/plugins/com.st.stm32cube.ide.mcu.externaltools.gnu-tools-for-stm32.12.3.rel1.win32_1.0.200.202406191623/tools/bin/../lib/gcc/arm-none-eabi/12.3.1/../../../../arm-none-eabi/lib/thumb/v7e-m+dp/hard\libc_nano.a(libc_a-reent.o)
 .ARM.attributes
                0x000003c5       0x32 C:/ST/STM32CubeIDE_1.15.0/STM32CubeIDE/plugins/com.st.stm32cube.ide.mcu.externaltools.gnu-tools-for-stm32.12.3.rel1.win32_1.0.200.202406191623/tools/bin/../lib/gcc/arm-none-eabi/12.3.1/../../../../arm-none-eabi/lib/thumb/v7e-m+dp/hard\libc_nano.a(libc_a-impure.o)
 .ARM.attributes
                0x000003f7       0x32 C:/ST/STM32CubeIDE_1.15.0/STM32CubeIDE/plugins/com.st.stm32cube.ide.mcu.externaltools.gnu-tools-for-stm32.12.3.rel1.win32_1.0.200.202406191623/tools/bin/../lib/gcc/arm-none-eabi/12.3.1/../../../../arm-none-eabi/lib/thumb/v7e-m+dp/hard\libc_nano.a(libc_a-errno.o)
 .ARM.attributes
                0x00000429       0x32 C:/ST/STM32CubeIDE_1.15.0/STM32CubeIDE/plugins/com.st.stm32cube.ide.mcu.externaltools.gnu-tools-for-stm32.12.3.rel1.win32_1.0.200.202406191623/tools/bin/../lib/gcc/arm-none-eabi/12.3.1/../../../../arm-none-eabi/lib/thumb/v7e-m+dp/hard\libc_nano.a(libc_a-init.o)
 .ARM.attributes
                0x0000045b       0x32 C:/ST/STM32CubeIDE_1.15.0/STM32CubeIDE/plugins/com.st.stm32cube.ide.mcu.externaltools.gnu-tools-for-stm32.12.3.rel1.win32_1.0.200.202406191623/tools/bin/../lib/gcc/arm-none-eabi/12.3.1/../../../../arm-none-eabi/lib/thumb/v7e-m+dp/hard\libc_nano.a(libc_a-lock.o)
 .ARM.attributes
                0x0000048d       0x17 C:/ST/STM32CubeIDE_1.15.0/STM32CubeIDE/plugins/com.st.stm32cube.ide.mcu.externaltools.gnu-tools-for-stm32.12.3.rel1.win32_1.0.200.202406191623/tools/bin/../lib/gcc/arm-none-eabi/12.3.1/../../../../arm-none-eabi/lib/thumb/v7e-m+dp/hard\libc_nano.a(libc_a-strlen.o)
 .ARM.attributes
                0x000004a4       0x32 C:/ST/STM32CubeIDE_1.15.0/STM32CubeIDE/plugins/com.st.stm32cube.ide.mcu.externaltools.gnu-tools-for-stm32.12.3.rel1.win32_1.0.200.202406191623/tools/bin/../lib/gcc/arm-none-eabi/12.3.1/../../../../arm-none-eabi/lib/thumb/v7e-m+dp/hard\libc_nano.a(libc_a-freer.o)
 .ARM.attributes
                0x000004d6       0x32 C:/ST/STM32CubeIDE_1.15.0/STM32CubeIDE/plugins/com.st.stm32cube.ide.mcu.externaltools.gnu-tools-for-stm32.12.3.rel1.win32_1.0.200.202406191623/tools/bin/../lib/gcc/arm-none-eabi/12.3.1/../../../../arm-none-eabi/lib/thumb/v7e-m+dp/hard\libc_nano.a(libc_a-mallocr.o)
 .ARM.attributes
                0x00000508       0x32 C:/ST/STM32CubeIDE_1.15.0/STM32CubeIDE/plugins/com.st.stm32cube.ide.mcu.externaltools.gnu-tools-for-stm32.12.3.rel1.win32_1.0.200.202406191623/tools/bin/../lib/gcc/arm-none-eabi/12.3.1/../../../../arm-none-eabi/lib/thumb/v7e-m+dp/hard\libc_nano.a(libc_a-mlock.o)
 .ARM.attributes
                0x0000053a       0x32 C:/ST/STM32CubeIDE_1.15.0/STM32CubeIDE/plugins/com.st.stm32cube.ide.mcu.externaltools.gnu-tools-for-stm32.12.3.rel1.win32_1.0.200.202406191623/tools/bin/../lib/gcc/arm-none-eabi/12.3.1/../../../../arm-none-eabi/lib/thumb/v7e-m+dp/hard\libc_nano.a(libc_a-nano-svfprintf.o)
 .ARM.attributes
                0x0000056c       0x32 C:/ST/STM32CubeIDE_1.15.0/STM32CubeIDE/plugins/com.st.stm32cube.ide.mcu.externaltools.gnu-tools-for-stm32.12.3.rel1.win32_1.0.200.202406191623/tools/bin/../lib/gcc/arm-none-eabi/12.3.1/../../../../arm-none-eabi/lib/thumb/v7e-m+dp/hard\libc_nano.a(libc_a-nano-vfprintf_i.o)
 .ARM.attributes
                0x0000059e       0x32 C:/ST/STM32CubeIDE_1.15.0/STM32CubeIDE/plugins/com.st.stm32cube.ide.mcu.externaltools.gnu-tools-for-stm32.12.3.rel1.win32_1.0.200.202406191623/tools/bin/../lib/gcc/arm-none-eabi/12.3.1/../../../../arm-none-eabi/lib/thumb/v7e-m+dp/hard\libc_nano.a(libc_a-memmove.o)
 .ARM.attributes
                0x000005d0       0x32 C:/ST/STM32CubeIDE_1.15.0/STM32CubeIDE/plugins/com.st.stm32cube.ide.mcu.externaltools.gnu-tools-for-stm32.12.3.rel1.win32_1.0.200.202406191623/tools/bin/../lib/gcc/arm-none-eabi/12.3.1/../../../../arm-none-eabi/lib/thumb/v7e-m+dp/hard\libc_nano.a(libc_a-sbrkr.o)
 .ARM.attributes
                0x00000602       0x1c C:/ST/STM32CubeIDE_1.15.0/STM32CubeIDE/plugins/com.st.stm32cube.ide.mcu.externaltools.gnu-tools-for-stm32.12.3.rel1.win32_1.0.200.202406191623/tools/bin/../lib/gcc/arm-none-eabi/12.3.1/../../../../arm-none-eabi/lib/thumb/v7e-m+dp/hard\libc_nano.a(libc_a-memchr.o)
 .ARM.attributes
                0x0000061e       0x32 C:/ST/STM32CubeIDE_1.15.0/STM32CubeIDE/plugins/com.st.stm32cube.ide.mcu.externaltools.gnu-tools-for-stm32.12.3.rel1.win32_1.0.200.202406191623/tools/bin/../lib/gcc/arm-none-eabi/12.3.1/../../../../arm-none-eabi/lib/thumb/v7e-m+dp/hard\libc_nano.a(libc_a-memcpy-stub.o)
 .ARM.attributes
                0x00000650       0x32 C:/ST/STM32CubeIDE_1.15.0/STM32CubeIDE/plugins/com.st.stm32cube.ide.mcu.externaltools.gnu-tools-for-stm32.12.3.rel1.win32_1.0.200.202406191623/tools/bin/../lib/gcc/arm-none-eabi/12.3.1/../../../../arm-none-eabi/lib/thumb/v7e-m+dp/hard\libc_nano.a(libc_a-reallocr.o)
 .ARM.attributes
                0x00000682       0x32 C:/ST/STM32CubeIDE_1.15.0/STM32CubeIDE/plugins/com.st.stm32cube.ide.mcu.externaltools.gnu-tools-for-stm32.12.3.rel1.win32_1.0.200.202406191623/tools/bin/../lib/gcc/arm-none-eabi/12.3.1/../../../../arm-none-eabi/lib/thumb/v7e-m+dp/hard\libc_nano.a(libc_a-msizer.o)
 .ARM.attributes
                0x000006b4       0x20 C:/ST/STM32CubeIDE_1.15.0/STM32CubeIDE/plugins/com.st.stm32cube.ide.mcu.externaltools.gnu-tools-for-stm32.12.3.rel1.win32_1.0.200.202406191623/tools/bin/../lib/gcc/arm-none-eabi/12.3.1/thumb/v7e-m+dp/hard\libgcc.a(_aeabi_uldivmod.o)
 .ARM.attributes
                0x000006d4       0x32 C:/ST/STM32CubeIDE_1.15.0/STM32CubeIDE/plugins/com.st.stm32cube.ide.mcu.externaltools.gnu-tools-for-stm32.12.3.rel1.win32_1.0.200.202406191623/tools/bin/../lib/gcc/arm-none-eabi/12.3.1/thumb/v7e-m+dp/hard\libgcc.a(_udivmoddi4.o)
 .ARM.attributes
                0x00000706       0x20 C:/ST/STM32CubeIDE_1.15.0/STM32CubeIDE/plugins/com.st.stm32cube.ide.mcu.externaltools.gnu-tools-for-stm32.12.3.rel1.win32_1.0.200.202406191623/tools/bin/../lib/gcc/arm-none-eabi/12.3.1/thumb/v7e-m+dp/hard\libgcc.a(_dvmd_tls.o)
 .ARM.attributes
                0x00000726       0x20 C:/ST/STM32CubeIDE_1.15.0/STM32CubeIDE/plugins/com.st.stm32cube.ide.mcu.externaltools.gnu-tools-for-stm32.12.3.rel1.win32_1.0.200.202406191623/tools/bin/../lib/gcc/arm-none-eabi/12.3.1/thumb/v7e-m+dp/hard/crtn.o
OUTPUT(canf7.elf elf32-littlearm)
LOAD linker stubs
LOAD C:/ST/STM32CubeIDE_1.15.0/STM32CubeIDE/plugins/com.st.stm32cube.ide.mcu.externaltools.gnu-tools-for-stm32.12.3.rel1.win32_1.0.200.202406191623/tools/bin/../lib/gcc/arm-none-eabi/12.3.1/../../../../arm-none-eabi/lib/thumb/v7e-m+dp/hard\libc.a
LOAD C:/ST/STM32CubeIDE_1.15.0/STM32CubeIDE/plugins/com.st.stm32cube.ide.mcu.externaltools.gnu-tools-for-stm32.12.3.rel1.win32_1.0.200.202406191623/tools/bin/../lib/gcc/arm-none-eabi/12.3.1/../../../../arm-none-eabi/lib/thumb/v7e-m+dp/hard\libm.a
LOAD C:/ST/STM32CubeIDE_1.15.0/STM32CubeIDE/plugins/com.st.stm32cube.ide.mcu.externaltools.gnu-tools-for-stm32.12.3.rel1.win32_1.0.200.202406191623/tools/bin/../lib/gcc/arm-none-eabi/12.3.1/thumb/v7e-m+dp/hard\libgcc.a

.debug_info     0x00000000     0xc173
 .debug_info    0x00000000     0x1599 ./Core/Src/main.o
 .debug_info    0x00001599     0x144b ./Core/Src/stm32f7xx_hal_msp.o
 .debug_info    0x000029e4      0xb24 ./Core/Src/stm32f7xx_it.o
 .debug_info    0x00003508      0x168 ./Core/Src/sysmem.o
 .debug_info    0x00003670      0x6ed ./Core/Src/system_stm32f7xx.o
 .debug_info    0x00003d5d       0x30 ./Core/Startup/startup_stm32f767zitx.o
 .debug_info    0x00003d8d      0xa4c ./Drivers/STM32F7xx_HAL_Driver/Src/stm32f7xx_hal.o
 .debug_info    0x000047d9      0xf0c ./Drivers/STM32F7xx_HAL_Driver/Src/stm32f7xx_hal_can.o
 .debug_info    0x000056e5      0xfc0 ./Drivers/STM32F7xx_HAL_Driver/Src/stm32f7xx_hal_cortex.o
 .debug_info    0x000066a5      0x8e7 ./Drivers/STM32F7xx_HAL_Driver/Src/stm32f7xx_hal_dma.o
 .debug_info    0x00006f8c      0x6f3 ./Drivers/STM32F7xx_HAL_Driver/Src/stm32f7xx_hal_gpio.o
 .debug_info    0x0000767f      0x937 ./Drivers/STM32F7xx_HAL_Driver/Src/stm32f7xx_hal_rcc.o
 .debug_info    0x00007fb6      0x6e1 ./Drivers/STM32F7xx_HAL_Driver/Src/stm32f7xx_hal_rcc_ex.o
 .debug_info    0x00008697     0x3adc ./Drivers/STM32F7xx_HAL_Driver/Src/stm32f7xx_hal_uart.o

.debug_abbrev   0x00000000     0x1c43
 .debug_abbrev  0x00000000      0x2fe ./Core/Src/main.o
 .debug_abbrev  0x000002fe      0x226 ./Core/Src/stm32f7xx_hal_msp.o
 .debug_abbrev  0x00000524      0x1cd ./Core/Src/stm32f7xx_it.o
 .debug_abbrev  0x000006f1       0xbc ./Core/Src/sysmem.o
 .debug_abbrev  0x000007ad      0x13b ./Core/Src/system_stm32f7xx.o
 .debug_abbrev  0x000008e8       0x24 ./Core/Startup/startup_stm32f767zitx.o
 .debug_abbrev  0x0000090c      0x213 ./Drivers/STM32F7xx_HAL_Driver/Src/stm32f7xx_hal.o
 .debug_abbrev  0x00000b1f      0x241 ./Drivers/STM32F7xx_HAL_Driver/Src/stm32f7xx_hal_can.o
 .debug_abbrev  0x00000d60      0x31e ./Drivers/STM32F7xx_HAL_Driver/Src/stm32f7xx_hal_cortex.o
 .debug_abbrev  0x0000107e      0x264 ./Drivers/STM32F7xx_HAL_Driver/Src/stm32f7xx_hal_dma.o
 .debug_abbrev  0x000012e2      0x1d4 ./Drivers/STM32F7xx_HAL_Driver/Src/stm32f7xx_hal_gpio.o
 .debug_abbrev  0x000014b6      0x2de ./Drivers/STM32F7xx_HAL_Driver/Src/stm32f7xx_hal_rcc.o
 .debug_abbrev  0x00001794      0x1c9 ./Drivers/STM32F7xx_HAL_Driver/Src/stm32f7xx_hal_rcc_ex.o
 .debug_abbrev  0x0000195d      0x2e6 ./Drivers/STM32F7xx_HAL_Driver/Src/stm32f7xx_hal_uart.o

.debug_aranges  0x00000000      0x8f0
 .debug_aranges
                0x00000000       0x68 ./Core/Src/main.o
 .debug_aranges
                0x00000068       0x40 ./Core/Src/stm32f7xx_hal_msp.o
 .debug_aranges
                0x000000a8       0x78 ./Core/Src/stm32f7xx_it.o
 .debug_aranges
                0x00000120       0x20 ./Core/Src/sysmem.o
 .debug_aranges
                0x00000140       0x28 ./Core/Src/system_stm32f7xx.o
 .debug_aranges
                0x00000168       0x28 ./Core/Startup/startup_stm32f767zitx.o
 .debug_aranges
                0x00000190      0x110 ./Drivers/STM32F7xx_HAL_Driver/Src/stm32f7xx_hal.o
 .debug_aranges
                0x000002a0      0x138 ./Drivers/STM32F7xx_HAL_Driver/Src/stm32f7xx_hal_can.o
 .debug_aranges
                0x000003d8      0x128 ./Drivers/STM32F7xx_HAL_Driver/Src/stm32f7xx_hal_cortex.o
 .debug_aranges
                0x00000500       0x90 ./Drivers/STM32F7xx_HAL_Driver/Src/stm32f7xx_hal_dma.o
 .debug_aranges
                0x00000590       0x58 ./Drivers/STM32F7xx_HAL_Driver/Src/stm32f7xx_hal_gpio.o
 .debug_aranges
                0x000005e8       0x88 ./Drivers/STM32F7xx_HAL_Driver/Src/stm32f7xx_hal_rcc.o
 .debug_aranges
                0x00000670       0x50 ./Drivers/STM32F7xx_HAL_Driver/Src/stm32f7xx_hal_rcc_ex.o
 .debug_aranges
                0x000006c0      0x230 ./Drivers/STM32F7xx_HAL_Driver/Src/stm32f7xx_hal_uart.o

.debug_rnglists
                0x00000000      0x6d6
 .debug_rnglists
                0x00000000       0x4d ./Core/Src/main.o
 .debug_rnglists
                0x0000004d       0x2d ./Core/Src/stm32f7xx_hal_msp.o
 .debug_rnglists
                0x0000007a       0x55 ./Core/Src/stm32f7xx_it.o
 .debug_rnglists
                0x000000cf       0x13 ./Core/Src/sysmem.o
 .debug_rnglists
                0x000000e2       0x1a ./Core/Src/system_stm32f7xx.o
 .debug_rnglists
                0x000000fc       0x19 ./Core/Startup/startup_stm32f767zitx.o
 .debug_rnglists
                0x00000115       0xc7 ./Drivers/STM32F7xx_HAL_Driver/Src/stm32f7xx_hal.o
 .debug_rnglists
                0x000001dc       0xee ./Drivers/STM32F7xx_HAL_Driver/Src/stm32f7xx_hal_can.o
 .debug_rnglists
                0x000002ca       0xda ./Drivers/STM32F7xx_HAL_Driver/Src/stm32f7xx_hal_cortex.o
 .debug_rnglists
                0x000003a4       0x70 ./Drivers/STM32F7xx_HAL_Driver/Src/stm32f7xx_hal_dma.o
 .debug_rnglists
                0x00000414       0x3f ./Drivers/STM32F7xx_HAL_Driver/Src/stm32f7xx_hal_gpio.o
 .debug_rnglists
                0x00000453       0x67 ./Drivers/STM32F7xx_HAL_Driver/Src/stm32f7xx_hal_rcc.o
 .debug_rnglists
                0x000004ba       0x3c ./Drivers/STM32F7xx_HAL_Driver/Src/stm32f7xx_hal_rcc_ex.o
 .debug_rnglists
                0x000004f6      0x1e0 ./Drivers/STM32F7xx_HAL_Driver/Src/stm32f7xx_hal_uart.o

.debug_macro    0x00000000    0x2728e
 .debug_macro   0x00000000      0x2eb ./Core/Src/main.o
 .debug_macro   0x000002eb      0xacc ./Core/Src/main.o
 .debug_macro   0x00000db7      0x293 ./Core/Src/main.o
 .debug_macro   0x0000104a       0x2e ./Core/Src/main.o
 .debug_macro   0x00001078       0x3b ./Core/Src/main.o
 .debug_macro   0x000010b3       0x22 ./Core/Src/main.o
 .debug_macro   0x000010d5       0x8e ./Core/Src/main.o
 .debug_macro   0x00001163       0x51 ./Core/Src/main.o
 .debug_macro   0x000011b4      0x103 ./Core/Src/main.o
 .debug_macro   0x000012b7       0x6a ./Core/Src/main.o
 .debug_macro   0x00001321      0x1df ./Core/Src/main.o
 .debug_macro   0x00001500       0x1c ./Core/Src/main.o
 .debug_macro   0x0000151c       0x22 ./Core/Src/main.o
 .debug_macro   0x0000153e       0xd9 ./Core/Src/main.o
 .debug_macro   0x00001617     0x12cd ./Core/Src/main.o
 .debug_macro   0x000028e4      0x11f ./Core/Src/main.o
 .debug_macro   0x00002a03       0x19 ./Core/Src/main.o
 .debug_macro   0x00002a1c    0x1aa23 ./Core/Src/main.o
 .debug_macro   0x0001d43f       0x6d ./Core/Src/main.o
 .debug_macro   0x0001d4ac     0x3765 ./Core/Src/main.o
 .debug_macro   0x00020c11      0x189 ./Core/Src/main.o
 .debug_macro   0x00020d9a       0x63 ./Core/Src/main.o
 .debug_macro   0x00020dfd     0x1add ./Core/Src/main.o
 .debug_macro   0x000228da      0x6c4 ./Core/Src/main.o
 .debug_macro   0x00022f9e      0x18b ./Core/Src/main.o
 .debug_macro   0x00023129      0x115 ./Core/Src/main.o
 .debug_macro   0x0002323e      0x26e ./Core/Src/main.o
 .debug_macro   0x000234ac       0xa5 ./Core/Src/main.o
 .debug_macro   0x00023551      0x24f ./Core/Src/main.o
 .debug_macro   0x000237a0       0x71 ./Core/Src/main.o
 .debug_macro   0x00023811       0x58 ./Core/Src/main.o
 .debug_macro   0x00023869      0x236 ./Core/Src/main.o
 .debug_macro   0x00023a9f      0x40f ./Core/Src/main.o
 .debug_macro   0x00023eae      0x14e ./Core/Src/main.o
 .debug_macro   0x00023ffc      0x3db ./Core/Src/main.o
 .debug_macro   0x000243d7       0x12 ./Core/Src/main.o
 .debug_macro   0x000243e9      0x22c ./Core/Src/main.o
 .debug_macro   0x00024615       0x61 ./Core/Src/main.o
 .debug_macro   0x00024676       0xa5 ./Core/Src/main.o
 .debug_macro   0x0002471b      0x12e ./Core/Src/main.o
 .debug_macro   0x00024849      0x108 ./Core/Src/main.o
 .debug_macro   0x00024951       0x35 ./Core/Src/main.o
 .debug_macro   0x00024986      0x5ba ./Core/Src/main.o
 .debug_macro   0x00024f40       0x44 ./Core/Src/main.o
 .debug_macro   0x00024f84      0x15b ./Core/Src/main.o
 .debug_macro   0x000250df       0x61 ./Core/Src/main.o
 .debug_macro   0x00025140       0x29 ./Core/Src/main.o
 .debug_macro   0x00025169       0x43 ./Core/Src/main.o
 .debug_macro   0x000251ac       0x34 ./Core/Src/main.o
 .debug_macro   0x000251e0       0x16 ./Core/Src/main.o
 .debug_macro   0x000251f6       0x35 ./Core/Src/main.o
 .debug_macro   0x0002522b      0x369 ./Core/Src/main.o
 .debug_macro   0x00025594       0x10 ./Core/Src/main.o
 .debug_macro   0x000255a4       0x16 ./Core/Src/main.o
 .debug_macro   0x000255ba       0x43 ./Core/Src/main.o
 .debug_macro   0x000255fd       0x34 ./Core/Src/main.o
 .debug_macro   0x00025631       0x10 ./Core/Src/main.o
 .debug_macro   0x00025641       0x58 ./Core/Src/main.o
 .debug_macro   0x00025699       0x8e ./Core/Src/main.o
 .debug_macro   0x00025727       0x1c ./Core/Src/main.o
 .debug_macro   0x00025743      0x177 ./Core/Src/main.o
 .debug_macro   0x000258ba       0x16 ./Core/Src/main.o
 .debug_macro   0x000258d0       0x16 ./Core/Src/main.o
 .debug_macro   0x000258e6      0x146 ./Core/Src/main.o
 .debug_macro   0x00025a2c       0x16 ./Core/Src/main.o
 .debug_macro   0x00025a42       0x20 ./Core/Src/main.o
 .debug_macro   0x00025a62      0x1e3 ./Core/Src/stm32f7xx_hal_msp.o
 .debug_macro   0x00025c45      0x1ed ./Core/Src/stm32f7xx_it.o
 .debug_macro   0x00025e32       0xff ./Core/Src/sysmem.o
 .debug_macro   0x00025f31      0x23c ./Core/Src/sysmem.o
 .debug_macro   0x0002616d      0x1d9 ./Core/Src/system_stm32f7xx.o
 .debug_macro   0x00026346      0x1fd ./Drivers/STM32F7xx_HAL_Driver/Src/stm32f7xx_hal.o
 .debug_macro   0x00026543      0x1e8 ./Drivers/STM32F7xx_HAL_Driver/Src/stm32f7xx_hal_can.o
 .debug_macro   0x0002672b      0x1d9 ./Drivers/STM32F7xx_HAL_Driver/Src/stm32f7xx_hal_cortex.o
 .debug_macro   0x00026904      0x1df ./Drivers/STM32F7xx_HAL_Driver/Src/stm32f7xx_hal_dma.o
 .debug_macro   0x00026ae3      0x1df ./Drivers/STM32F7xx_HAL_Driver/Src/stm32f7xx_hal_gpio.o
 .debug_macro   0x00026cc2      0x1fd ./Drivers/STM32F7xx_HAL_Driver/Src/stm32f7xx_hal_rcc.o
 .debug_macro   0x00026ebf      0x1d9 ./Drivers/STM32F7xx_HAL_Driver/Src/stm32f7xx_hal_rcc_ex.o
 .debug_macro   0x00027098      0x1f6 ./Drivers/STM32F7xx_HAL_Driver/Src/stm32f7xx_hal_uart.o

.debug_line     0x00000000     0xc2c9
 .debug_line    0x00000000      0xef0 ./Core/Src/main.o
 .debug_line    0x00000ef0      0x854 ./Core/Src/stm32f7xx_hal_msp.o
 .debug_line    0x00001744      0x86a ./Core/Src/stm32f7xx_it.o
 .debug_line    0x00001fae      0x583 ./Core/Src/sysmem.o
 .debug_line    0x00002531      0x7e2 ./Core/Src/system_stm32f7xx.o
 .debug_line    0x00002d13       0x7a ./Core/Startup/startup_stm32f767zitx.o
 .debug_line    0x00002d8d      0xab2 ./Drivers/STM32F7xx_HAL_Driver/Src/stm32f7xx_hal.o
 .debug_line    0x0000383f     0x1201 ./Drivers/STM32F7xx_HAL_Driver/Src/stm32f7xx_hal_can.o
 .debug_line    0x00004a40      0xd24 ./Drivers/STM32F7xx_HAL_Driver/Src/stm32f7xx_hal_cortex.o
 .debug_line    0x00005764      0xfd1 ./Drivers/STM32F7xx_HAL_Driver/Src/stm32f7xx_hal_dma.o
 .debug_line    0x00006735      0xc08 ./Drivers/STM32F7xx_HAL_Driver/Src/stm32f7xx_hal_gpio.o
 .debug_line    0x0000733d      0xee0 ./Drivers/STM32F7xx_HAL_Driver/Src/stm32f7xx_hal_rcc.o
 .debug_line    0x0000821d      0xeb9 ./Drivers/STM32F7xx_HAL_Driver/Src/stm32f7xx_hal_rcc_ex.o
 .debug_line    0x000090d6     0x31f3 ./Drivers/STM32F7xx_HAL_Driver/Src/stm32f7xx_hal_uart.o

.debug_str      0x00000000    0xf3bc2
 .debug_str     0x00000000    0xf0ed4 ./Core/Src/main.o
                              0xf165a (size before relaxing)
 .debug_str     0x000f0ed4      0x9fb ./Core/Src/stm32f7xx_hal_msp.o
                              0xee346 (size before relaxing)
 .debug_str     0x000f18cf      0x128 ./Core/Src/stm32f7xx_it.o
                              0xed8fa (size before relaxing)
 .debug_str     0x000f19f7      0x4dc ./Core/Src/sysmem.o
                               0x60ef (size before relaxing)
 .debug_str     0x000f1ed3      0x1a4 ./Core/Src/system_stm32f7xx.o
                              0xed385 (size before relaxing)
 .debug_str     0x000f2077       0x44 ./Core/Startup/startup_stm32f767zitx.o
                                 0x59 (size before relaxing)
 .debug_str     0x000f20bb      0x447 ./Drivers/STM32F7xx_HAL_Driver/Src/stm32f7xx_hal.o
                              0xeddc5 (size before relaxing)
 .debug_str     0x000f2502      0x40a ./Drivers/STM32F7xx_HAL_Driver/Src/stm32f7xx_hal_can.o
                              0xed993 (size before relaxing)
 .debug_str     0x000f290c      0x2a9 ./Drivers/STM32F7xx_HAL_Driver/Src/stm32f7xx_hal_cortex.o
                              0xedda7 (size before relaxing)
 .debug_str     0x000f2bb5      0x32d ./Drivers/STM32F7xx_HAL_Driver/Src/stm32f7xx_hal_dma.o
                              0xed6c4 (size before relaxing)
 .debug_str     0x000f2ee2      0x141 ./Drivers/STM32F7xx_HAL_Driver/Src/stm32f7xx_hal_gpio.o
                              0xed443 (size before relaxing)
 .debug_str     0x000f3023      0x252 ./Drivers/STM32F7xx_HAL_Driver/Src/stm32f7xx_hal_rcc.o
                              0xed700 (size before relaxing)
 .debug_str     0x000f3275      0x14f ./Drivers/STM32F7xx_HAL_Driver/Src/stm32f7xx_hal_rcc_ex.o
                              0xed663 (size before relaxing)
 .debug_str     0x000f33c4      0x7fe ./Drivers/STM32F7xx_HAL_Driver/Src/stm32f7xx_hal_uart.o
                              0xee04e (size before relaxing)

.comment        0x00000000       0x43
 .comment       0x00000000       0x43 ./Core/Src/main.o
                                 0x44 (size before relaxing)
 .comment       0x00000043       0x44 ./Core/Src/stm32f7xx_hal_msp.o
 .comment       0x00000043       0x44 ./Core/Src/stm32f7xx_it.o
 .comment       0x00000043       0x44 ./Core/Src/sysmem.o
 .comment       0x00000043       0x44 ./Core/Src/system_stm32f7xx.o
 .comment       0x00000043       0x44 ./Drivers/STM32F7xx_HAL_Driver/Src/stm32f7xx_hal.o
 .comment       0x00000043       0x44 ./Drivers/STM32F7xx_HAL_Driver/Src/stm32f7xx_hal_can.o
 .comment       0x00000043       0x44 ./Drivers/STM32F7xx_HAL_Driver/Src/stm32f7xx_hal_cortex.o
 .comment       0x00000043       0x44 ./Drivers/STM32F7xx_HAL_Driver/Src/stm32f7xx_hal_dma.o
 .comment       0x00000043       0x44 ./Drivers/STM32F7xx_HAL_Driver/Src/stm32f7xx_hal_gpio.o
 .comment       0x00000043       0x44 ./Drivers/STM32F7xx_HAL_Driver/Src/stm32f7xx_hal_rcc.o
 .comment       0x00000043       0x44 ./Drivers/STM32F7xx_HAL_Driver/Src/stm32f7xx_hal_rcc_ex.o
 .comment       0x00000043       0x44 ./Drivers/STM32F7xx_HAL_Driver/Src/stm32f7xx_hal_uart.o

.debug_frame    0x00000000     0x2920
 .debug_frame   0x00000000      0x154 ./Core/Src/main.o
 .debug_frame   0x00000154       0xcc ./Core/Src/stm32f7xx_hal_msp.o
 .debug_frame   0x00000220      0x158 ./Core/Src/stm32f7xx_it.o
 .debug_frame   0x00000378       0x34 ./Core/Src/sysmem.o
 .debug_frame   0x000003ac       0x58 ./Core/Src/system_stm32f7xx.o
 .debug_frame   0x00000404      0x3f4 ./Drivers/STM32F7xx_HAL_Driver/Src/stm32f7xx_hal.o
 .debug_frame   0x000007f8      0x5a0 ./Drivers/STM32F7xx_HAL_Driver/Src/stm32f7xx_hal_can.o
 .debug_frame   0x00000d98      0x4e8 ./Drivers/STM32F7xx_HAL_Driver/Src/stm32f7xx_hal_cortex.o
 .debug_frame   0x00001280      0x250 ./Drivers/STM32F7xx_HAL_Driver/Src/stm32f7xx_hal_dma.o
 .debug_frame   0x000014d0      0x14c ./Drivers/STM32F7xx_HAL_Driver/Src/stm32f7xx_hal_gpio.o
 .debug_frame   0x0000161c      0x1f8 ./Drivers/STM32F7xx_HAL_Driver/Src/stm32f7xx_hal_rcc.o
 .debug_frame   0x00001814      0x118 ./Drivers/STM32F7xx_HAL_Driver/Src/stm32f7xx_hal_rcc_ex.o
 .debug_frame   0x0000192c      0xa10 ./Drivers/STM32F7xx_HAL_Driver/Src/stm32f7xx_hal_uart.o
 .debug_frame   0x0000233c      0x144 C:/ST/STM32CubeIDE_1.15.0/STM32CubeIDE/plugins/com.st.stm32cube.ide.mcu.externaltools.gnu-tools-for-stm32.12.3.rel1.win32_1.0.200.202406191623/tools/bin/../lib/gcc/arm-none-eabi/12.3.1/../../../../arm-none-eabi/lib/thumb/v7e-m+dp/hard\libc_nano.a(libc_a-findfp.o)
 .debug_frame   0x00002480       0x6c C:/ST/STM32CubeIDE_1.15.0/STM32CubeIDE/plugins/com.st.stm32cube.ide.mcu.externaltools.gnu-tools-for-stm32.12.3.rel1.win32_1.0.200.202406191623/tools/bin/../lib/gcc/arm-none-eabi/12.3.1/../../../../arm-none-eabi/lib/thumb/v7e-m+dp/hard\libc_nano.a(libc_a-sprintf.o)
 .debug_frame   0x000024ec       0x20 C:/ST/STM32CubeIDE_1.15.0/STM32CubeIDE/plugins/com.st.stm32cube.ide.mcu.externaltools.gnu-tools-for-stm32.12.3.rel1.win32_1.0.200.202406191623/tools/bin/../lib/gcc/arm-none-eabi/12.3.1/../../../../arm-none-eabi/lib/thumb/v7e-m+dp/hard\libc_nano.a(libc_a-memset.o)
 .debug_frame   0x0000250c       0x38 C:/ST/STM32CubeIDE_1.15.0/STM32CubeIDE/plugins/com.st.stm32cube.ide.mcu.externaltools.gnu-tools-for-stm32.12.3.rel1.win32_1.0.200.202406191623/tools/bin/../lib/gcc/arm-none-eabi/12.3.1/../../../../arm-none-eabi/lib/thumb/v7e-m+dp/hard\libc_nano.a(libc_a-reent.o)
 .debug_frame   0x00002544       0x20 C:/ST/STM32CubeIDE_1.15.0/STM32CubeIDE/plugins/com.st.stm32cube.ide.mcu.externaltools.gnu-tools-for-stm32.12.3.rel1.win32_1.0.200.202406191623/tools/bin/../lib/gcc/arm-none-eabi/12.3.1/../../../../arm-none-eabi/lib/thumb/v7e-m+dp/hard\libc_nano.a(libc_a-errno.o)
 .debug_frame   0x00002564       0x2c C:/ST/STM32CubeIDE_1.15.0/STM32CubeIDE/plugins/com.st.stm32cube.ide.mcu.externaltools.gnu-tools-for-stm32.12.3.rel1.win32_1.0.200.202406191623/tools/bin/../lib/gcc/arm-none-eabi/12.3.1/../../../../arm-none-eabi/lib/thumb/v7e-m+dp/hard\libc_nano.a(libc_a-init.o)
 .debug_frame   0x00002590       0xb0 C:/ST/STM32CubeIDE_1.15.0/STM32CubeIDE/plugins/com.st.stm32cube.ide.mcu.externaltools.gnu-tools-for-stm32.12.3.rel1.win32_1.0.200.202406191623/tools/bin/../lib/gcc/arm-none-eabi/12.3.1/../../../../arm-none-eabi/lib/thumb/v7e-m+dp/hard\libc_nano.a(libc_a-lock.o)
 .debug_frame   0x00002640       0x38 C:/ST/STM32CubeIDE_1.15.0/STM32CubeIDE/plugins/com.st.stm32cube.ide.mcu.externaltools.gnu-tools-for-stm32.12.3.rel1.win32_1.0.200.202406191623/tools/bin/../lib/gcc/arm-none-eabi/12.3.1/../../../../arm-none-eabi/lib/thumb/v7e-m+dp/hard\libc_nano.a(libc_a-freer.o)
 .debug_frame   0x00002678       0x50 C:/ST/STM32CubeIDE_1.15.0/STM32CubeIDE/plugins/com.st.stm32cube.ide.mcu.externaltools.gnu-tools-for-stm32.12.3.rel1.win32_1.0.200.202406191623/tools/bin/../lib/gcc/arm-none-eabi/12.3.1/../../../../arm-none-eabi/lib/thumb/v7e-m+dp/hard\libc_nano.a(libc_a-mallocr.o)
 .debug_frame   0x000026c8       0x30 C:/ST/STM32CubeIDE_1.15.0/STM32CubeIDE/plugins/com.st.stm32cube.ide.mcu.externaltools.gnu-tools-for-stm32.12.3.rel1.win32_1.0.200.202406191623/tools/bin/../lib/gcc/arm-none-eabi/12.3.1/../../../../arm-none-eabi/lib/thumb/v7e-m+dp/hard\libc_nano.a(libc_a-mlock.o)
 .debug_frame   0x000026f8       0x90 C:/ST/STM32CubeIDE_1.15.0/STM32CubeIDE/plugins/com.st.stm32cube.ide.mcu.externaltools.gnu-tools-for-stm32.12.3.rel1.win32_1.0.200.202406191623/tools/bin/../lib/gcc/arm-none-eabi/12.3.1/../../../../arm-none-eabi/lib/thumb/v7e-m+dp/hard\libc_nano.a(libc_a-nano-svfprintf.o)
 .debug_frame   0x00002788       0x60 C:/ST/STM32CubeIDE_1.15.0/STM32CubeIDE/plugins/com.st.stm32cube.ide.mcu.externaltools.gnu-tools-for-stm32.12.3.rel1.win32_1.0.200.202406191623/tools/bin/../lib/gcc/arm-none-eabi/12.3.1/../../../../arm-none-eabi/lib/thumb/v7e-m+dp/hard\libc_nano.a(libc_a-nano-vfprintf_i.o)
 .debug_frame   0x000027e8       0x28 C:/ST/STM32CubeIDE_1.15.0/STM32CubeIDE/plugins/com.st.stm32cube.ide.mcu.externaltools.gnu-tools-for-stm32.12.3.rel1.win32_1.0.200.202406191623/tools/bin/../lib/gcc/arm-none-eabi/12.3.1/../../../../arm-none-eabi/lib/thumb/v7e-m+dp/hard\libc_nano.a(libc_a-memmove.o)
 .debug_frame   0x00002810       0x2c C:/ST/STM32CubeIDE_1.15.0/STM32CubeIDE/plugins/com.st.stm32cube.ide.mcu.externaltools.gnu-tools-for-stm32.12.3.rel1.win32_1.0.200.202406191623/tools/bin/../lib/gcc/arm-none-eabi/12.3.1/../../../../arm-none-eabi/lib/thumb/v7e-m+dp/hard\libc_nano.a(libc_a-sbrkr.o)
 .debug_frame   0x0000283c       0x28 C:/ST/STM32CubeIDE_1.15.0/STM32CubeIDE/plugins/com.st.stm32cube.ide.mcu.externaltools.gnu-tools-for-stm32.12.3.rel1.win32_1.0.200.202406191623/tools/bin/../lib/gcc/arm-none-eabi/12.3.1/../../../../arm-none-eabi/lib/thumb/v7e-m+dp/hard\libc_nano.a(libc_a-memcpy-stub.o)
 .debug_frame   0x00002864       0x3c C:/ST/STM32CubeIDE_1.15.0/STM32CubeIDE/plugins/com.st.stm32cube.ide.mcu.externaltools.gnu-tools-for-stm32.12.3.rel1.win32_1.0.200.202406191623/tools/bin/../lib/gcc/arm-none-eabi/12.3.1/../../../../arm-none-eabi/lib/thumb/v7e-m+dp/hard\libc_nano.a(libc_a-reallocr.o)
 .debug_frame   0x000028a0       0x20 C:/ST/STM32CubeIDE_1.15.0/STM32CubeIDE/plugins/com.st.stm32cube.ide.mcu.externaltools.gnu-tools-for-stm32.12.3.rel1.win32_1.0.200.202406191623/tools/bin/../lib/gcc/arm-none-eabi/12.3.1/../../../../arm-none-eabi/lib/thumb/v7e-m+dp/hard\libc_nano.a(libc_a-msizer.o)
 .debug_frame   0x000028c0       0x2c C:/ST/STM32CubeIDE_1.15.0/STM32CubeIDE/plugins/com.st.stm32cube.ide.mcu.externaltools.gnu-tools-for-stm32.12.3.rel1.win32_1.0.200.202406191623/tools/bin/../lib/gcc/arm-none-eabi/12.3.1/thumb/v7e-m+dp/hard\libgcc.a(_aeabi_uldivmod.o)
 .debug_frame   0x000028ec       0x34 C:/ST/STM32CubeIDE_1.15.0/STM32CubeIDE/plugins/com.st.stm32cube.ide.mcu.externaltools.gnu-tools-for-stm32.12.3.rel1.win32_1.0.200.202406191623/tools/bin/../lib/gcc/arm-none-eabi/12.3.1/thumb/v7e-m+dp/hard\libgcc.a(_udivmoddi4.o)

.debug_line_str
                0x00000000       0x3d
 .debug_line_str
                0x00000000       0x3d ./Core/Startup/startup_stm32f767zitx.o
