../Core/Src/main.c:100:5:main	16	static
../Core/Src/main.c:299:6:SystemClock_Config	88	static
../Core/Src/main.c:341:13:MX_CAN1_Init	8	static
../Core/Src/main.c:378:13:MX_USART1_UART_Init	8	static
../Core/Src/main.c:413:13:MX_USART2_UART_Init	8	static
../Core/Src/main.c:448:13:MX_GPIO_Init	16	static
../Core/Src/main.c:462:6:HAL_CAN_RxFifo0MsgPendingCallback	16	static
../Core/Src/main.c:501:6:HAL_UART_RxCpltCallback	16	static
../Core/Src/main.c:541:6:MPU_Config	24	static
../Core/Src/main.c:572:6:Error_Handler	4	static,ignoring_inline_asm
